test data0
test data0
test data0
test data0
test data0
test data0
test data0
test data0
test data0
test data0
test data0
test data0
test data0
test data0
test data0
test data0
test data0
test data0
test data0
test data0
test data0
test data0
test data0
test data0
test data0
test data0
test data0
test data0
test data0
test data0
test data0
test data0
test data0
test data0
test data0
test data0
test data0
test data0
test data0
test data0
test data0
test data0
test data0
test data0
test data0
test data0
test data0
test data0
test data0
test data0
test data0
test data0
test data0
test data0
test data0
test data0
test data0
test data0
test data0
test data0
test data0
test data0
test data0
test data0
test data0
test data0
test data0
test data0
test data0
test data0
test data0
test data0
test data0
test data0
test data0
test data0
test data0
test data0
test data0
test data0
test data0
test data0
test data0
test data0
test data0
test data0
test data0
test data0
test data0
test data0
test data0
test data0
test data0
test data0
test data0
test data0
test data0
test data0
test data0
test data0
test data0
test data0
test data0
test data0
test data0
test data0
test data0
test data0
test data0
test data0
test data0
test data0
test data0
test data0
test data0
test data0
test data0
test data0
test data0
test data0
test data0
test data0
test data0
test data0
test data0
test data0
test data0
test data0
test data0
test data0
test data0
test data0
test data0
test data0
test data0
test data0
test data0
test data0
test data0
test data0
test data0
test data0
test data0
test data0
test data0
test data0
test data0
test data0
test data0
test data0
test data0
test data0
test data0
test data0
test data0
test data0
test data0
test data0
test data0
test data0
test data0
test data0
test data0
test data0
test data0
test data0
test data0
test data0
test data0
test data0
test data0
test data0
test data0
test data0
test data0
test data0
test data0
test data0
test data0
test data0
test data0
test data0
test data0
test data0
test data0
test data0
test data0
test data0
test data0
test data0
test data0
test data0
test data0
test data0
test data0
test data0
test data0
test data0
test data0
test data0
test data0
test data0
test data0
test data0
test data0
test data0
test data0
test data0
test data0
test data0
test data0
test data0
test data0
test data0
test data0
test data0
test data0
test data0
test data0
test data0
test data0
test data0
test data0
test data0
test data0
test data0
test data0
test data0
test data0
test data0
test data0
test data0
test data0
test data0
test data0
test data0
test data0
test data0
test data0
test data0
test data0
test data0
test data0
test data0
test data0
test data0
test data0
test data0
test data0
test data0
test data0
test data0
test data0
test data0
test data0
test data0
test data0
test data0
test data0
test data0
test data0
test data0
test data0
test data0
test data0
test data0
test data0
test data0
test data0
test data0
test data0
test data0
test data0
test data0
test data0
test data0
test data0
test data0
test data0
test data0
test data0
test data0
test data0
test data0
test data0
test data0
test data0
test data0
test data0
test data0
test data0
test data0
test data0
test data0
test data0
test data0
test data0
test data0
test data0
test data0
test data0
test data0
test data0
test data0
test data0
test data0
test data0
test data0
test data0
test data0
test data0
test data0
test data0
test data0
test data0
test data0
test data0
test data0
test data0
test data0
test data0
test data0
test data0
test data0
test data0
test data0
test data0
test data0
test data0
test data0
test data0
test data0
test data0
test data0
test data0
test data0
test data0
test data0
test data0
test data0
test data0
test data0
test data0
test data0
test data0
test data0
test data0
test data0
test data0
test data0
test data0
test data0
test data0
test data0
test data0
test data0
test data0
test data0
test data0
test data0
test data0
test data0
test data0
test data0
test data0
test data0
test data0
test data0
test data0
test data0
test data0
test data0
test data0
test data0
test data0
test data0
test data0
test data0
test data0
test data0
test data0
test data0
test data0
test data0
test data0
test data0
test data0
test data0
test data0
test data0
test data0
test data0
test data0
test data0
test data0
test data0
test data0
test data0
test data0
test data0
test data0
test data0
test data0
test data0
test data0
test data0
test data0
test data0
test data0
test data0
test data0
test data0
test data0
test data0
test data0
test data0
test data0
test data0
test data0
test data0
test data0
test data0
test data0
test data0
test data0
test data0
test data0
test data0
test data0
test data0
test data0
test data0
test data0
test data0
test data0
test data0
test data0
test data0
test data0
test data0
test data0
test data0
test data0
test data0
test data0
test data0
test data0
test data0
test data0
test data0
test data0
test data0
test data0
test data0
test data0
test data0
test data0
test data0
test data0
test data0
test data0
test data0
test data0
test data0
test data0
test data0
test data0
test data0
test data0
test data0
test data0
test data0
test data0
test data0
test data0
test data0
test data0
test data0
test data0
test data0
test data0
test data0
test data0
test data0
test data0
test data0
test data0
test data0
test data0
test data0
test data0
test data0
test data0
test data0
test data0
test data0
test data0
test data0
test data0
test data0
test data0
test data0
test data0
test data0
test data0
test data0
test data0
test data0
test data0
test data0
test data0
test data0
test data0
test data0
test data0
test data0
test data0
test data0
test data0
test data0
test data0
test data0
test data0
test data0
test data0
test data0
test data0
test data0
test data0
test data0
test data0
test data0
test data0
test data0
test data0
test data0
test data0
test data0
test data0
test data0
test data0
test data0
test data0
test data0
test data0
test data0
test data0
test data0
test data0
test data0
test data0
test data0
test data0
test data0
test data0
test data0
test data0
test data0
test data0
test data0
test data0
test data0
test data0
test data0
test data0
test data0
test data0
test data0
test data0
test data0
test data0
test data0
test data0
test data0
test data0
test data0
test data0
test data0
test data0
test data0
test data0
test data0
test data0
test data0
test data0
test data0
test data0
test data0
test data0
test data0
test data0
test data0
test data0
test data0
test data0
test data0
test data0
test data0
test data0
test data0
test data0
test data0
test data0
test data0
test data0
test data0
test data0
test data0
test data0
test data0
test data0
test data0
test data0
test data0
test data0
test data0
test data0
test data0
test data0
test data0
test data0
test data0
test data0
test data0
test data0
test data0
test data0
test data0
test data0
test data0
test data0
test data0
test data0
test data0
test data0
test data0
test data0
test data0
test data0
test data0
test data0
test data0
test data0
test data0
test data0
test data0
test data0
test data0
test data0
test data0
test data0
test data0
test data0
test data0
test data0
test data0
test data0
test data0
test data0
test data0
test data0
test data0
test data0
test data0
test data0
test data0
test data0
test data0
test data0
test data0
test data0
test data0
test data0
test data0
test data0
test data0
test data0
test data0
test data0
test data0
test data0
test data0
test data0
test data0
test data0
test data0
test data0
test data0
test data0
test data0
test data0
test data0
test data0
test data0
test data0
test data0
test data0
test data0
test data0
test data0
test data0
test data0
test data0
test data0
test data0
test data0
test data0
test data0
test data0
test data0
test data0
test data0
test data0
test data0
test data0
test data0
test data0
test data0
test data0
test data0
test data0
test data0
test data0
test data0
test data0
test data0
test data0
test data0
test data0
test data0
test data0
test data0
test data0
test data0
test data0
test data0
test data0
test data0
test data0
test data0
test data0
test data0
test data0
test data0
test data0
test data0
test data0
test data0
test data0
test data0
test data0
test data0
test data0
test data0
test data0
test data0
test data0
test data0
test data0
test data0
test data0
test data0
test data0
test data0
test data0
test data0
test data0
test data0
test data0
test data0
test data0
test data0
test data0
test data0
test data0
test data0
test data0
test data0
test data0
test data0
test data0
test data0
test data0
test data0
test data0
test data0
test data0
test data0
test data0
test data0
test data0
test data0
test data0
test data0
test data0
test data0
test data0
test data0
test data0
test data0
test data0
test data0
test data0
test data0
test data0
test data0
test data0
test data0
test data0
test data0
test data0
test data0
test data0
test data0
test data0
test data0
test data0
test data0
test data0
test data0
test data0
test data0
test data0
test data0
test data0
test data0
test data0
test data0
test data0
test data0
test data0
test data0
test data0
test data0
test data0
test data0
test data0
test data0
test data0
test data0
test data0
test data0
test data0
test data0
test data0
test data0
test data0
test data0
test data0
test data0
test data0
test data0
test data0
test data0
test data0
test data0
test data0
test data0
test data0
test data0
test data0
test data0
test data0
test data0
test data0
test data0
test data0
test data0
test data0
test data0
test data0
test data0
test data0
test data0
test data0
test data0
test data0
test data0
test data0
test data0
test data0
test data0
test data0
test data0
test data0
test data0
test data0
test data0
test data0
test data0
test data0
test data0
test data0
test data0
test data0
test data0
test data0
test data0
test data0
test data0
test data0
test data0
test data0
test data0
test data0
test data0
test data0
test data0
test data0
test data0
test data0
test data0
test data0
test data0
test data0
test data0
test data0
test data0
test data0
test data0
test data0
test data0
test data0
test data0
test data0
test data0
test data0
test data0
test data0
test data0
test data0
test data0
test data0
test data0
test data0
test data0
test data0
test data0
test data0
test data0
test data0
test data0
test data0
test data0
test data0
test data0
test data0
test data0
test data0
test data0
test data0
test data0
test data0
test data0
test data0
test data0
test data0
test data0
test data0
test data0
test data0
test data0
test data0
test data0
test data0
test data0
test data0
test data0
test data0
test data0
test data0
test data0
test data0
test data0
test data0
test data0
test data0
test data0
test data0
test data0
test data0
test data0
test data0
test data0
test data0
test data0
test data0
test data0
test data0
test data0
test data0
test data0
test data0
test data0
test data0
test data0
test data0
test data0
test data0
test data0
test data1000
test data1000
test data1000
test data1000
test data1000
test data1000
test data1000
test data1000
test data1000
test data1000
test data1000
test data1000
test data1000
test data1000
test data1000
test data1000
test data1000
test data1000
test data1000
test data1000
test data1000
test data1000
test data1000
test data1000
test data1000
test data1000
test data1000
test data1000
test data1000
test data1000
test data1000
test data1000
test data1000
test data1000
test data1000
test data1000
test data1000
test data1000
test data1000
test data1000
test data1000
test data1000
test data1000
test data1000
test data1000
test data1000
test data1000
test data1000
test data1000
test data1000
test data1000
test data1000
test data1000
test data1000
test data1000
test data1000
test data1000
test data1000
test data1000
test data1000
test data1000
test data1000
test data1000
test data1000
test data1000
test data1000
test data1000
test data1000
test data1000
test data1000
test data1000
test data1000
test data1000
test data1000
test data1000
test data1000
test data1000
test data1000
test data1000
test data1000
test data1000
test data1000
test data1000
test data1000
test data1000
test data1000
test data1000
test data1000
test data1000
test data1000
test data1000
test data1000
test data1000
test data1000
test data1000
test data1000
test data1000
test data1000
test data1000
test data1000
test data1000
test data1000
test data1000
test data1000
test data1000
test data1000
test data1000
test data1000
test data1000
test data1000
test data1000
test data1000
test data1000
test data1000
test data1000
test data1000
test data1000
test data1000
test data1000
test data1000
test data1000
test data1000
test data1000
test data1000
test data1000
test data1000
test data1000
test data1000
test data1000
test data1000
test data1000
test data1000
test data1000
test data1000
test data1000
test data1000
test data1000
test data1000
test data1000
test data1000
test data1000
test data1000
test data1000
test data1000
test data1000
test data1000
test data1000
test data1000
test data1000
test data1000
test data1000
test data1000
test data1000
test data1000
test data1000
test data1000
test data1000
test data1000
test data1000
test data1000
test data1000
test data1000
test data1000
test data1000
test data1000
test data1000
test data1000
test data1000
test data1000
test data1000
test data1000
test data1000
test data1000
test data1000
test data1000
test data1000
test data1000
test data1000
test data1000
test data1000
test data1000
test data1000
test data1000
test data1000
test data1000
test data1000
test data1000
test data1000
test data1000
test data1000
test data1000
test data1000
test data1000
test data1000
test data1000
test data1000
test data1000
test data1000
test data1000
test data1000
test data1000
test data1000
test data1000
test data1000
test data1000
test data1000
test data1000
test data1000
test data1000
test data1000
test data1000
test data1000
test data1000
test data1000
test data1000
test data1000
test data1000
test data1000
test data1000
test data1000
test data1000
test data1000
test data1000
test data1000
test data1000
test data1000
test data1000
test data1000
test data1000
test data1000
test data1000
test data1000
test data1000
test data1000
test data1000
test data1000
test data1000
test data1000
test data1000
test data1000
test data1000
test data1000
test data1000
test data1000
test data1000
test data1000
test data1000
test data1000
test data1000
test data1000
test data1000
test data1000
test data1000
test data1000
test data1000
test data1000
test data1000
test data1000
test data1000
test data1000
test data1000
test data1000
test data1000
test data1000
test data1000
test data1000
test data1000
test data1000
test data1000
test data1000
test data1000
test data1000
test data1000
test data1000
test data1000
test data1000
test data1000
test data1000
test data1000
test data1000
test data1000
test data1000
test data1000
test data1000
test data1000
test data1000
test data1000
test data1000
test data1000
test data1000
test data1000
test data1000
test data1000
test data1000
test data1000
test data1000
test data1000
test data1000
test data1000
test data1000
test data1000
test data1000
test data1000
test data1000
test data1000
test data1000
test data1000
test data1000
test data1000
test data1000
test data1000
test data1000
test data1000
test data1000
test data1000
test data1000
test data1000
test data1000
test data1000
test data1000
test data1000
test data1000
test data1000
test data1000
test data1000
test data1000
test data1000
test data1000
test data1000
test data1000
test data1000
test data1000
test data1000
test data1000
test data1000
test data1000
test data1000
test data1000
test data1000
test data1000
test data1000
test data1000
test data1000
test data1000
test data1000
test data1000
test data1000
test data1000
test data1000
test data1000
test data1000
test data1000
test data1000
test data1000
test data1000
test data1000
test data1000
test data1000
test data1000
test data1000
test data1000
test data1000
test data1000
test data1000
test data1000
test data1000
test data1000
test data1000
test data1000
test data1000
test data1000
test data1000
test data1000
test data1000
test data1000
test data1000
test data1000
test data1000
test data1000
test data1000
test data1000
test data1000
test data1000
test data1000
test data1000
test data1000
test data1000
test data1000
test data1000
test data1000
test data1000
test data1000
test data1000
test data1000
test data1000
test data1000
test data1000
test data1000
test data1000
test data1000
test data1000
test data1000
test data1000
test data1000
test data1000
test data1000
test data1000
test data1000
test data1000
test data1000
test data1000
test data1000
test data1000
test data1000
test data1000
test data1000
test data1000
test data1000
test data1000
test data1000
test data1000
test data1000
test data1000
test data1000
test data1000
test data1000
test data1000
test data1000
test data1000
test data1000
test data1000
test data1000
test data1000
test data1000
test data1000
test data1000
test data1000
test data1000
test data1000
test data1000
test data1000
test data1000
test data1000
test data1000
test data1000
test data1000
test data1000
test data1000
test data1000
test data1000
test data1000
test data1000
test data1000
test data1000
test data1000
test data1000
test data1000
test data1000
test data1000
test data1000
test data1000
test data1000
test data1000
test data1000
test data1000
test data1000
test data1000
test data1000
test data1000
test data1000
test data1000
test data1000
test data1000
test data1000
test data1000
test data1000
test data1000
test data1000
test data1000
test data1000
test data1000
test data1000
test data1000
test data1000
test data1000
test data1000
test data1000
test data1000
test data1000
test data1000
test data1000
test data1000
test data1000
test data1000
test data1000
test data1000
test data1000
test data1000
test data1000
test data1000
test data1000
test data1000
test data1000
test data1000
test data1000
test data1000
test data1000
test data1000
test data1000
test data1000
test data1000
test data1000
test data1000
test data1000
test data1000
test data1000
test data1000
test data1000
test data1000
test data1000
test data1000
test data1000
test data1000
test data1000
test data1000
test data1000
test data1000
test data1000
test data1000
test data1000
test data1000
test data1000
test data1000
test data1000
test data1000
test data1000
test data1000
test data1000
test data1000
test data1000
test data1000
test data1000
test data1000
test data1000
test data1000
test data1000
test data1000
test data1000
test data1000
test data1000
test data1000
test data1000
test data1000
test data1000
test data1000
test data1000
test data1000
test data1000
test data1000
test data1000
test data1000
test data1000
test data1000
test data1000
test data1000
test data1000
test data1000
test data1000
test data1000
test data1000
test data1000
test data1000
test data1000
test data1000
test data1000
test data1000
test data1000
test data1000
test data1000
test data1000
test data1000
test data1000
test data1000
test data1000
test data1000
test data1000
test data1000
test data1000
test data1000
test data1000
test data1000
test data1000
test data1000
test data1000
test data1000
test data1000
test data1000
test data1000
test data1000
test data1000
test data1000
test data1000
test data1000
test data1000
test data1000
test data1000
test data1000
test data1000
test data1000
test data1000
test data1000
test data1000
test data1000
test data1000
test data1000
test data1000
test data1000
test data1000
test data1000
test data1000
test data1000
test data1000
test data1000
test data1000
test data1000
test data1000
test data1000
test data1000
test data1000
test data1000
test data1000
test data1000
test data1000
test data1000
test data1000
test data1000
test data1000
test data1000
test data1000
test data1000
test data1000
test data1000
test data1000
test data1000
test data1000
test data1000
test data1000
test data1000
test data1000
test data1000
test data1000
test data1000
test data1000
test data1000
test data1000
test data1000
test data1000
test data1000
test data1000
test data1000
test data1000
test data1000
test data1000
test data1000
test data1000
test data1000
test data1000
test data1000
test data1000
test data1000
test data1000
test data1000
test data1000
test data1000
test data1000
test data1000
test data1000
test data1000
test data1000
test data1000
test data1000
test data1000
test data1000
test data1000
test data1000
test data1000
test data1000
test data1000
test data1000
test data1000
test data1000
test data1000
test data1000
test data1000
test data1000
test data1000
test data1000
test data1000
test data1000
test data1000
test data1000
test data1000
test data1000
test data1000
test data1000
test data1000
test data1000
test data1000
test data1000
test data1000
test data1000
test data1000
test data1000
test data1000
test data1000
test data1000
test data1000
test data1000
test data1000
test data1000
test data1000
test data1000
test data1000
test data1000
test data1000
test data1000
test data1000
test data1000
test data1000
test data1000
test data1000
test data1000
test data1000
test data1000
test data1000
test data1000
test data1000
test data1000
test data1000
test data1000
test data1000
test data1000
test data1000
test data1000
test data1000
test data1000
test data1000
test data1000
test data1000
test data1000
test data1000
test data1000
test data1000
test data1000
test data1000
test data1000
test data1000
test data1000
test data1000
test data1000
test data1000
test data1000
test data1000
test data1000
test data1000
test data1000
test data1000
test data1000
test data1000
test data1000
test data1000
test data1000
test data1000
test data1000
test data1000
test data1000
test data1000
test data1000
test data1000
test data1000
test data1000
test data1000
test data1000
test data1000
test data1000
test data1000
test data1000
test data1000
test data1000
test data1000
test data1000
test data1000
test data1000
test data1000
test data1000
test data1000
test data1000
test data1000
test data1000
test data1000
test data1000
test data1000
test data1000
test data1000
test data1000
test data1000
test data1000
test data1000
test data1000
test data1000
test data1000
test data1000
test data1000
test data1000
test data1000
test data1000
test data1000
test data1000
test data1000
test data1000
test data1000
test data1000
test data1000
test data1000
test data1000
test data1000
test data1000
test data1000
test data1000
test data1000
test data1000
test data1000
test data1000
test data1000
test data1000
test data1000
test data1000
test data1000
test data1000
test data1000
test data1000
test data1000
test data1000
test data1000
test data1000
test data1000
test data1000
test data1000
test data1000
test data1000
test data1000
test data1000
test data1000
test data1000
test data1000
test data1000
test data1000
test data1000
test data1000
test data1000
test data1000
test data1000
test data1000
test data1000
test data1000
test data1000
test data1000
test data1000
test data1000
test data1000
test data1000
test data1000
test data1000
test data1000
test data1000
test data1000
test data1000
test data1000
test data1000
test data1000
test data1000
test data1000
test data1000
test data1000
test data1000
test data1000
test data1000
test data1000
test data1000
test data1000
test data1000
test data1000
test data1000
test data1000
test data1000
test data1000
test data1000
test data1000
test data1000
test data1000
test data1000
test data1000
test data1000
test data1000
test data1000
test data1000
test data1000
test data1000
test data1000
test data1000
test data1000
test data1000
test data1000
test data1000
test data1000
test data1000
test data1000
test data1000
test data1000
test data1000
test data1000
test data1000
test data1000
test data1000
test data1000
test data1000
test data1000
test data1000
test data1000
test data1000
test data1000
test data1000
test data1000
test data1000
test data1000
test data1000
test data1000
test data1000
test data1000
test data1000
test data1000
test data1000
test data1000
test data1000
test data1000
test data1000
test data1000
test data1000
test data1000
test data1000
test data1000
test data1000
test data1000
test data1000
test data1000
test data1000
test data1000
test data1000
test data1000
test data1000
test data1000
test data1000
test data1000
test data1000
test data1000
test data1000
test data1000
test data1000
test data1000
test data1000
test data1000
test data1000
test data1000
test data1000
test data1000
test data1000
test data1000
test data1000
test data1000
test data1000
test data1000
test data1000
test data1000
test data1000
test data1000
test data1000
test data1000
test data1000
test data1000
test data1000
test data1000
test data1000
test data1000
test data1000
test data1000
test data1000
test data1000
test data1000
test data1000
test data1000
test data2000
test data2000
test data2000
test data2000
test data2000
test data2000
test data2000
test data2000
test data2000
test data2000
test data2000
test data2000
test data2000
test data2000
test data2000
test data2000
test data2000
test data2000
test data2000
test data2000
test data2000
test data2000
test data2000
test data2000
test data2000
test data2000
test data2000
test data2000
test data2000
test data2000
test data2000
test data2000
test data2000
test data2000
test data2000
test data2000
test data2000
test data2000
test data2000
test data2000
test data2000
test data2000
test data2000
test data2000
test data2000
test data2000
test data2000
test data2000
test data2000
test data2000
test data2000
test data2000
test data2000
test data2000
test data2000
test data2000
test data2000
test data2000
test data2000
test data2000
test data2000
test data2000
test data2000
test data2000
test data2000
test data2000
test data2000
test data2000
test data2000
test data2000
test data2000
test data2000
test data2000
test data2000
test data2000
test data2000
test data2000
test data2000
test data2000
test data2000
test data2000
test data2000
test data2000
test data2000
test data2000
test data2000
test data2000
test data2000
test data2000
test data2000
test data2000
test data2000
test data2000
test data2000
test data2000
test data2000
test data2000
test data2000
test data2000
test data2000
test data2000
test data2000
test data2000
test data2000
test data2000
test data2000
test data2000
test data2000
test data2000
test data2000
test data2000
test data2000
test data2000
test data2000
test data2000
test data2000
test data2000
test data2000
test data2000
test data2000
test data2000
test data2000
test data2000
test data2000
test data2000
test data2000
test data2000
test data2000
test data2000
test data2000
test data2000
test data2000
test data2000
test data2000
test data2000
test data2000
test data2000
test data2000
test data2000
test data2000
test data2000
test data2000
test data2000
test data2000
test data2000
test data2000
test data2000
test data2000
test data2000
test data2000
test data2000
test data2000
test data2000
test data2000
test data2000
test data2000
test data2000
test data2000
test data2000
test data2000
test data2000
test data2000
test data2000
test data2000
test data2000
test data2000
test data2000
test data2000
test data2000
test data2000
test data2000
test data2000
test data2000
test data2000
test data2000
test data2000
test data2000
test data2000
test data2000
test data2000
test data2000
test data2000
test data2000
test data2000
test data2000
test data2000
test data2000
test data2000
test data2000
test data2000
test data2000
test data2000
test data2000
test data2000
test data2000
test data2000
test data2000
test data2000
test data2000
test data2000
test data2000
test data2000
test data2000
test data2000
test data2000
test data2000
test data2000
test data2000
test data2000
test data2000
test data2000
test data2000
test data2000
test data2000
test data2000
test data2000
test data2000
test data2000
test data2000
test data2000
test data2000
test data2000
test data2000
test data2000
test data2000
test data2000
test data2000
test data2000
test data2000
test data2000
test data2000
test data2000
test data2000
test data2000
test data2000
test data2000
test data2000
test data2000
test data2000
test data2000
test data2000
test data2000
test data2000
test data2000
test data2000
test data2000
test data2000
test data2000
test data2000
test data2000
test data2000
test data2000
test data2000
test data2000
test data2000
test data2000
test data2000
test data2000
test data2000
test data2000
test data2000
test data2000
test data2000
test data2000
test data2000
test data2000
test data2000
test data2000
test data2000
test data2000
test data2000
test data2000
test data2000
test data2000
test data2000
test data2000
test data2000
test data2000
test data2000
test data2000
test data2000
test data2000
test data2000
test data2000
test data2000
test data2000
test data2000
test data2000
test data2000
test data2000
test data2000
test data2000
test data2000
test data2000
test data2000
test data2000
test data2000
test data2000
test data2000
test data2000
test data2000
test data2000
test data2000
test data2000
test data2000
test data2000
test data2000
test data2000
test data2000
test data2000
test data2000
test data2000
test data2000
test data2000
test data2000
test data2000
test data2000
test data2000
test data2000
test data2000
test data2000
test data2000
test data2000
test data2000
test data2000
test data2000
test data2000
test data2000
test data2000
test data2000
test data2000
test data2000
test data2000
test data2000
test data2000
test data2000
test data2000
test data2000
test data2000
test data2000
test data2000
test data2000
test data2000
test data2000
test data2000
test data2000
test data2000
test data2000
test data2000
test data2000
test data2000
test data2000
test data2000
test data2000
test data2000
test data2000
test data2000
test data2000
test data2000
test data2000
test data2000
test data2000
test data2000
test data2000
test data2000
test data2000
test data2000
test data2000
test data2000
test data2000
test data2000
test data2000
test data2000
test data2000
test data2000
test data2000
test data2000
test data2000
test data2000
test data2000
test data2000
test data2000
test data2000
test data2000
test data2000
test data2000
test data2000
test data2000
test data2000
test data2000
test data2000
test data2000
test data2000
test data2000
test data2000
test data2000
test data2000
test data2000
test data2000
test data2000
test data2000
test data2000
test data2000
test data2000
test data2000
test data2000
test data2000
test data2000
test data2000
test data2000
test data2000
test data2000
test data2000
test data2000
test data2000
test data2000
test data2000
test data2000
test data2000
test data2000
test data2000
test data2000
test data2000
test data2000
test data2000
test data2000
test data2000
test data2000
test data2000
test data2000
test data2000
test data2000
test data2000
test data2000
test data2000
test data2000
test data2000
test data2000
test data2000
test data2000
test data2000
test data2000
test data2000
test data2000
test data2000
test data2000
test data2000
test data2000
test data2000
test data2000
test data2000
test data2000
test data2000
test data2000
test data2000
test data2000
test data2000
test data2000
test data2000
test data2000
test data2000
test data2000
test data2000
test data2000
test data2000
test data2000
test data2000
test data2000
test data2000
test data2000
test data2000
test data2000
test data2000
test data2000
test data2000
test data2000
test data2000
test data2000
test data2000
test data2000
test data2000
test data2000
test data2000
test data2000
test data2000
test data2000
test data2000
test data2000
test data2000
test data2000
test data2000
test data2000
test data2000
test data2000
test data2000
test data2000
test data2000
test data2000
test data2000
test data2000
test data2000
test data2000
test data2000
test data2000
test data2000
test data2000
test data2000
test data2000
test data2000
test data2000
test data2000
test data2000
test data2000
test data2000
test data2000
test data2000
test data2000
test data2000
test data2000
test data2000
test data2000
test data2000
test data2000
test data2000
test data2000
test data2000
test data2000
test data2000
test data2000
test data2000
test data2000
test data2000
test data2000
test data2000
test data2000
test data2000
test data2000
test data2000
test data2000
test data2000
test data2000
test data2000
test data2000
test data2000
test data2000
test data2000
test data2000
test data2000
test data2000
test data2000
test data2000
test data2000
test data2000
test data2000
test data2000
test data2000
test data2000
test data2000
test data2000
test data2000
test data2000
test data2000
test data2000
test data2000
test data2000
test data2000
test data2000
test data2000
test data2000
test data2000
test data2000
test data2000
test data2000
test data2000
test data2000
test data2000
test data2000
test data2000
test data2000
test data2000
test data2000
test data2000
test data2000
test data2000
test data2000
test data2000
test data2000
test data2000
test data2000
test data2000
test data2000
test data2000
test data2000
test data2000
test data2000
test data2000
test data2000
test data2000
test data2000
test data2000
test data2000
test data2000
test data2000
test data2000
test data2000
test data2000
test data2000
test data2000
test data2000
test data2000
test data2000
test data2000
test data2000
test data2000
test data2000
test data2000
test data2000
test data2000
test data2000
test data2000
test data2000
test data2000
test data2000
test data2000
test data2000
test data2000
test data2000
test data2000
test data2000
test data2000
test data2000
test data2000
test data2000
test data2000
test data2000
test data2000
test data2000
test data2000
test data2000
test data2000
test data2000
test data2000
test data2000
test data2000
test data2000
test data2000
test data2000
test data2000
test data2000
test data2000
test data2000
test data2000
test data2000
test data2000
test data2000
test data2000
test data2000
test data2000
test data2000
test data2000
test data2000
test data2000
test data2000
test data2000
test data2000
test data2000
test data2000
test data2000
test data2000
test data2000
test data2000
test data2000
test data2000
test data2000
test data2000
test data2000
test data2000
test data2000
test data2000
test data2000
test data2000
test data2000
test data2000
test data2000
test data2000
test data2000
test data2000
test data2000
test data2000
test data2000
test data2000
test data2000
test data2000
test data2000
test data2000
test data2000
test data2000
test data2000
test data2000
test data2000
test data2000
test data2000
test data2000
test data2000
test data2000
test data2000
test data2000
test data2000
test data2000
test data2000
test data2000
test data2000
test data2000
test data2000
test data2000
test data2000
test data2000
test data2000
test data2000
test data2000
test data2000
test data2000
test data2000
test data2000
test data2000
test data2000
test data2000
test data2000
test data2000
test data2000
test data2000
test data2000
test data2000
test data2000
test data2000
test data2000
test data2000
test data2000
test data2000
test data2000
test data2000
test data2000
test data2000
test data2000
test data2000
test data2000
test data2000
test data2000
test data2000
test data2000
test data2000
test data2000
test data2000
test data2000
test data2000
test data2000
test data2000
test data2000
test data2000
test data2000
test data2000
test data2000
test data2000
test data2000
test data2000
test data2000
test data2000
test data2000
test data2000
test data2000
test data2000
test data2000
test data2000
test data2000
test data2000
test data2000
test data2000
test data2000
test data2000
test data2000
test data2000
test data2000
test data2000
test data2000
test data2000
test data2000
test data2000
test data2000
test data2000
test data2000
test data2000
test data2000
test data2000
test data2000
test data2000
test data2000
test data2000
test data2000
test data2000
test data2000
test data2000
test data2000
test data2000
test data2000
test data2000
test data2000
test data2000
test data2000
test data2000
test data2000
test data2000
test data2000
test data2000
test data2000
test data2000
test data2000
test data2000
test data2000
test data2000
test data2000
test data2000
test data2000
test data2000
test data2000
test data2000
test data2000
test data2000
test data2000
test data2000
test data2000
test data2000
test data2000
test data2000
test data2000
test data2000
test data2000
test data2000
test data2000
test data2000
test data2000
test data2000
test data2000
test data2000
test data2000
test data2000
test data2000
test data2000
test data2000
test data2000
test data2000
test data2000
test data2000
test data2000
test data2000
test data2000
test data2000
test data2000
test data2000
test data2000
test data2000
test data2000
test data2000
test data2000
test data2000
test data2000
test data2000
test data2000
test data2000
test data2000
test data2000
test data2000
test data2000
test data2000
test data2000
test data2000
test data2000
test data2000
test data2000
test data2000
test data2000
test data2000
test data2000
test data2000
test data2000
test data2000
test data2000
test data2000
test data2000
test data2000
test data2000
test data2000
test data2000
test data2000
test data2000
test data2000
test data2000
test data2000
test data2000
test data2000
test data2000
test data2000
test data2000
test data2000
test data2000
test data2000
test data2000
test data2000
test data2000
test data2000
test data2000
test data2000
test data2000
test data2000
test data2000
test data2000
test data2000
test data2000
test data2000
test data2000
test data2000
test data2000
test data2000
test data2000
test data2000
test data2000
test data2000
test data2000
test data2000
test data2000
test data2000
test data2000
test data2000
test data2000
test data2000
test data2000
test data2000
test data2000
test data2000
test data2000
test data2000
test data2000
test data2000
test data2000
test data2000
test data2000
test data2000
test data2000
test data2000
test data2000
test data2000
test data2000
test data2000
test data2000
test data2000
test data2000
test data2000
test data2000
test data2000
test data2000
test data2000
test data2000
test data2000
test data2000
test data2000
test data2000
test data2000
test data2000
test data2000
test data2000
test data2000
test data2000
test data2000
test data2000
test data2000
test data2000
test data2000
test data2000
test data2000
test data2000
test data2000
test data2000
test data2000
test data2000
test data2000
test data2000
test data2000
test data2000
test data2000
test data2000
test data2000
test data2000
test data2000
test data2000
test data2000
test data2000
test data2000
test data2000
test data2000
test data2000
test data2000
test data3000
test data3000
test data3000
test data3000
test data3000
test data3000
test data3000
test data3000
test data3000
test data3000
test data3000
test data3000
test data3000
test data3000
test data3000
test data3000
test data3000
test data3000
test data3000
test data3000
test data3000
test data3000
test data3000
test data3000
test data3000
test data3000
test data3000
test data3000
test data3000
test data3000
test data3000
test data3000
test data3000
test data3000
test data3000
test data3000
test data3000
test data3000
test data3000
test data3000
test data3000
test data3000
test data3000
test data3000
test data3000
test data3000
test data3000
test data3000
test data3000
test data3000
test data3000
test data3000
test data3000
test data3000
test data3000
test data3000
test data3000
test data3000
test data3000
test data3000
test data3000
test data3000
test data3000
test data3000
test data3000
test data3000
test data3000
test data3000
test data3000
test data3000
test data3000
test data3000
test data3000
test data3000
test data3000
test data3000
test data3000
test data3000
test data3000
test data3000
test data3000
test data3000
test data3000
test data3000
test data3000
test data3000
test data3000
test data3000
test data3000
test data3000
test data3000
test data3000
test data3000
test data3000
test data3000
test data3000
test data3000
test data3000
test data3000
test data3000
test data3000
test data3000
test data3000
test data3000
test data3000
test data3000
test data3000
test data3000
test data3000
test data3000
test data3000
test data3000
test data3000
test data3000
test data3000
test data3000
test data3000
test data3000
test data3000
test data3000
test data3000
test data3000
test data3000
test data3000
test data3000
test data3000
test data3000
test data3000
test data3000
test data3000
test data3000
test data3000
test data3000
test data3000
test data3000
test data3000
test data3000
test data3000
test data3000
test data3000
test data3000
test data3000
test data3000
test data3000
test data3000
test data3000
test data3000
test data3000
test data3000
test data3000
test data3000
test data3000
test data3000
test data3000
test data3000
test data3000
test data3000
test data3000
test data3000
test data3000
test data3000
test data3000
test data3000
test data3000
test data3000
test data3000
test data3000
test data3000
test data3000
test data3000
test data3000
test data3000
test data3000
test data3000
test data3000
test data3000
test data3000
test data3000
test data3000
test data3000
test data3000
test data3000
test data3000
test data3000
test data3000
test data3000
test data3000
test data3000
test data3000
test data3000
test data3000
test data3000
test data3000
test data3000
test data3000
test data3000
test data3000
test data3000
test data3000
test data3000
test data3000
test data3000
test data3000
test data3000
test data3000
test data3000
test data3000
test data3000
test data3000
test data3000
test data3000
test data3000
test data3000
test data3000
test data3000
test data3000
test data3000
test data3000
test data3000
test data3000
test data3000
test data3000
test data3000
test data3000
test data3000
test data3000
test data3000
test data3000
test data3000
test data3000
test data3000
test data3000
test data3000
test data3000
test data3000
test data3000
test data3000
test data3000
test data3000
test data3000
test data3000
test data3000
test data3000
test data3000
test data3000
test data3000
test data3000
test data3000
test data3000
test data3000
test data3000
test data3000
test data3000
test data3000
test data3000
test data3000
test data3000
test data3000
test data3000
test data3000
test data3000
test data3000
test data3000
test data3000
test data3000
test data3000
test data3000
test data3000
test data3000
test data3000
test data3000
test data3000
test data3000
test data3000
test data3000
test data3000
test data3000
test data3000
test data3000
test data3000
test data3000
test data3000
test data3000
test data3000
test data3000
test data3000
test data3000
test data3000
test data3000
test data3000
test data3000
test data3000
test data3000
test data3000
test data3000
test data3000
test data3000
test data3000
test data3000
test data3000
test data3000
test data3000
test data3000
test data3000
test data3000
test data3000
test data3000
test data3000
test data3000
test data3000
test data3000
test data3000
test data3000
test data3000
test data3000
test data3000
test data3000
test data3000
test data3000
test data3000
test data3000
test data3000
test data3000
test data3000
test data3000
test data3000
test data3000
test data3000
test data3000
test data3000
test data3000
test data3000
test data3000
test data3000
test data3000
test data3000
test data3000
test data3000
test data3000
test data3000
test data3000
test data3000
test data3000
test data3000
test data3000
test data3000
test data3000
test data3000
test data3000
test data3000
test data3000
test data3000
test data3000
test data3000
test data3000
test data3000
test data3000
test data3000
test data3000
test data3000
test data3000
test data3000
test data3000
test data3000
test data3000
test data3000
test data3000
test data3000
test data3000
test data3000
test data3000
test data3000
test data3000
test data3000
test data3000
test data3000
test data3000
test data3000
test data3000
test data3000
test data3000
test data3000
test data3000
test data3000
test data3000
test data3000
test data3000
test data3000
test data3000
test data3000
test data3000
test data3000
test data3000
test data3000
test data3000
test data3000
test data3000
test data3000
test data3000
test data3000
test data3000
test data3000
test data3000
test data3000
test data3000
test data3000
test data3000
test data3000
test data3000
test data3000
test data3000
test data3000
test data3000
test data3000
test data3000
test data3000
test data3000
test data3000
test data3000
test data3000
test data3000
test data3000
test data3000
test data3000
test data3000
test data3000
test data3000
test data3000
test data3000
test data3000
test data3000
test data3000
test data3000
test data3000
test data3000
test data3000
test data3000
test data3000
test data3000
test data3000
test data3000
test data3000
test data3000
test data3000
test data3000
test data3000
test data3000
test data3000
test data3000
test data3000
test data3000
test data3000
test data3000
test data3000
test data3000
test data3000
test data3000
test data3000
test data3000
test data3000
test data3000
test data3000
test data3000
test data3000
test data3000
test data3000
test data3000
test data3000
test data3000
test data3000
test data3000
test data3000
test data3000
test data3000
test data3000
test data3000
test data3000
test data3000
test data3000
test data3000
test data3000
test data3000
test data3000
test data3000
test data3000
test data3000
test data3000
test data3000
test data3000
test data3000
test data3000
test data3000
test data3000
test data3000
test data3000
test data3000
test data3000
test data3000
test data3000
test data3000
test data3000
test data3000
test data3000
test data3000
test data3000
test data3000
test data3000
test data3000
test data3000
test data3000
test data3000
test data3000
test data3000
test data3000
test data3000
test data3000
test data3000
test data3000
test data3000
test data3000
test data3000
test data3000
test data3000
test data3000
test data3000
test data3000
test data3000
test data3000
test data3000
test data3000
test data3000
test data3000
test data3000
test data3000
test data3000
test data3000
test data3000
test data3000
test data3000
test data3000
test data3000
test data3000
test data3000
test data3000
test data3000
test data3000
test data3000
test data3000
test data3000
test data3000
test data3000
test data3000
test data3000
test data3000
test data3000
test data3000
test data3000
test data3000
test data3000
test data3000
test data3000
test data3000
test data3000
test data3000
test data3000
test data3000
test data3000
test data3000
test data3000
test data3000
test data3000
test data3000
test data3000
test data3000
test data3000
test data3000
test data3000
test data3000
test data3000
test data3000
test data3000
test data3000
test data3000
test data3000
test data3000
test data3000
test data3000
test data3000
test data3000
test data3000
test data3000
test data3000
test data3000
test data3000
test data3000
test data3000
test data3000
test data3000
test data3000
test data3000
test data3000
test data3000
test data3000
test data3000
test data3000
test data3000
test data3000
test data3000
test data3000
test data3000
test data3000
test data3000
test data3000
test data3000
test data3000
test data3000
test data3000
test data3000
test data3000
test data3000
test data3000
test data3000
test data3000
test data3000
test data3000
test data3000
test data3000
test data3000
test data3000
test data3000
test data3000
test data3000
test data3000
test data3000
test data3000
test data3000
test data3000
test data3000
test data3000
test data3000
test data3000
test data3000
test data3000
test data3000
test data3000
test data3000
test data3000
test data3000
test data3000
test data3000
test data3000
test data3000
test data3000
test data3000
test data3000
test data3000
test data3000
test data3000
test data3000
test data3000
test data3000
test data3000
test data3000
test data3000
test data3000
test data3000
test data3000
test data3000
test data3000
test data3000
test data3000
test data3000
test data3000
test data3000
test data3000
test data3000
test data3000
test data3000
test data3000
test data3000
test data3000
test data3000
test data3000
test data3000
test data3000
test data3000
test data3000
test data3000
test data3000
test data3000
test data3000
test data3000
test data3000
test data3000
test data3000
test data3000
test data3000
test data3000
test data3000
test data3000
test data3000
test data3000
test data3000
test data3000
test data3000
test data3000
test data3000
test data3000
test data3000
test data3000
test data3000
test data3000
test data3000
test data3000
test data3000
test data3000
test data3000
test data3000
test data3000
test data3000
test data3000
test data3000
test data3000
test data3000
test data3000
test data3000
test data3000
test data3000
test data3000
test data3000
test data3000
test data3000
test data3000
test data3000
test data3000
test data3000
test data3000
test data3000
test data3000
test data3000
test data3000
test data3000
test data3000
test data3000
test data3000
test data3000
test data3000
test data3000
test data3000
test data3000
test data3000
test data3000
test data3000
test data3000
test data3000
test data3000
test data3000
test data3000
test data3000
test data3000
test data3000
test data3000
test data3000
test data3000
test data3000
test data3000
test data3000
test data3000
test data3000
test data3000
test data3000
test data3000
test data3000
test data3000
test data3000
test data3000
test data3000
test data3000
test data3000
test data3000
test data3000
test data3000
test data3000
test data3000
test data3000
test data3000
test data3000
test data3000
test data3000
test data3000
test data3000
test data3000
test data3000
test data3000
test data3000
test data3000
test data3000
test data3000
test data3000
test data3000
test data3000
test data3000
test data3000
test data3000
test data3000
test data3000
test data3000
test data3000
test data3000
test data3000
test data3000
test data3000
test data3000
test data3000
test data3000
test data3000
test data3000
test data3000
test data3000
test data3000
test data3000
test data3000
test data3000
test data3000
test data3000
test data3000
test data3000
test data3000
test data3000
test data3000
test data3000
test data3000
test data3000
test data3000
test data3000
test data3000
test data3000
test data3000
test data3000
test data3000
test data3000
test data3000
test data3000
test data3000
test data3000
test data3000
test data3000
test data3000
test data3000
test data3000
test data3000
test data3000
test data3000
test data3000
test data3000
test data3000
test data3000
test data3000
test data3000
test data3000
test data3000
test data3000
test data3000
test data3000
test data3000
test data3000
test data3000
test data3000
test data3000
test data3000
test data3000
test data3000
test data3000
test data3000
test data3000
test data3000
test data3000
test data3000
test data3000
test data3000
test data3000
test data3000
test data3000
test data3000
test data3000
test data3000
test data3000
test data3000
test data3000
test data3000
test data3000
test data3000
test data3000
test data3000
test data3000
test data3000
test data3000
test data3000
test data3000
test data3000
test data3000
test data3000
test data3000
test data3000
test data3000
test data3000
test data3000
test data3000
test data3000
test data3000
test data3000
test data3000
test data3000
test data3000
test data3000
test data3000
test data3000
test data3000
test data3000
test data3000
test data3000
test data3000
test data3000
test data3000
test data3000
test data3000
test data3000
test data3000
test data3000
test data3000
test data3000
test data3000
test data3000
test data3000
test data3000
test data3000
test data3000
test data3000
test data3000
test data3000
test data3000
test data3000
test data3000
test data3000
test data3000
test data3000
test data3000
test data3000
test data3000
test data3000
test data3000
test data3000
test data3000
test data3000
test data3000
test data3000
test data3000
test data3000
test data3000
test data3000
test data3000
test data3000
test data3000
test data3000
test data3000
test data3000
test data3000
test data3000
test data3000
test data3000
test data3000
test data3000
test data3000
test data3000
test data3000
test data3000
test data3000
test data3000
test data3000
test data3000
test data3000
test data3000
test data3000
test data3000
test data3000
test data3000
test data3000
test data3000
test data3000
test data3000
test data3000
test data3000
test data3000
test data3000
test data3000
test data3000
test data3000
test data3000
test data3000
test data3000
test data4000
test data4000
test data4000
test data4000
test data4000
test data4000
test data4000
test data4000
test data4000
test data4000
test data4000
test data4000
test data4000
test data4000
test data4000
test data4000
test data4000
test data4000
test data4000
test data4000
test data4000
test data4000
test data4000
test data4000
test data4000
test data4000
test data4000
test data4000
test data4000
test data4000
test data4000
test data4000
test data4000
test data4000
test data4000
test data4000
test data4000
test data4000
test data4000
test data4000
test data4000
test data4000
test data4000
test data4000
test data4000
test data4000
test data4000
test data4000
test data4000
test data4000
test data4000
test data4000
test data4000
test data4000
test data4000
test data4000
test data4000
test data4000
test data4000
test data4000
test data4000
test data4000
test data4000
test data4000
test data4000
test data4000
test data4000
test data4000
test data4000
test data4000
test data4000
test data4000
test data4000
test data4000
test data4000
test data4000
test data4000
test data4000
test data4000
test data4000
test data4000
test data4000
test data4000
test data4000
test data4000
test data4000
test data4000
test data4000
test data4000
test data4000
test data4000
test data4000
test data4000
test data4000
test data4000
test data4000
test data4000
test data4000
test data4000
test data4000
test data4000
test data4000
test data4000
test data4000
test data4000
test data4000
test data4000
test data4000
test data4000
test data4000
test data4000
test data4000
test data4000
test data4000
test data4000
test data4000
test data4000
test data4000
test data4000
test data4000
test data4000
test data4000
test data4000
test data4000
test data4000
test data4000
test data4000
test data4000
test data4000
test data4000
test data4000
test data4000
test data4000
test data4000
test data4000
test data4000
test data4000
test data4000
test data4000
test data4000
test data4000
test data4000
test data4000
test data4000
test data4000
test data4000
test data4000
test data4000
test data4000
test data4000
test data4000
test data4000
test data4000
test data4000
test data4000
test data4000
test data4000
test data4000
test data4000
test data4000
test data4000
test data4000
test data4000
test data4000
test data4000
test data4000
test data4000
test data4000
test data4000
test data4000
test data4000
test data4000
test data4000
test data4000
test data4000
test data4000
test data4000
test data4000
test data4000
test data4000
test data4000
test data4000
test data4000
test data4000
test data4000
test data4000
test data4000
test data4000
test data4000
test data4000
test data4000
test data4000
test data4000
test data4000
test data4000
test data4000
test data4000
test data4000
test data4000
test data4000
test data4000
test data4000
test data4000
test data4000
test data4000
test data4000
test data4000
test data4000
test data4000
test data4000
test data4000
test data4000
test data4000
test data4000
test data4000
test data4000
test data4000
test data4000
test data4000
test data4000
test data4000
test data4000
test data4000
test data4000
test data4000
test data4000
test data4000
test data4000
test data4000
test data4000
test data4000
test data4000
test data4000
test data4000
test data4000
test data4000
test data4000
test data4000
test data4000
test data4000
test data4000
test data4000
test data4000
test data4000
test data4000
test data4000
test data4000
test data4000
test data4000
test data4000
test data4000
test data4000
test data4000
test data4000
test data4000
test data4000
test data4000
test data4000
test data4000
test data4000
test data4000
test data4000
test data4000
test data4000
test data4000
test data4000
test data4000
test data4000
test data4000
test data4000
test data4000
test data4000
test data4000
test data4000
test data4000
test data4000
test data4000
test data4000
test data4000
test data4000
test data4000
test data4000
test data4000
test data4000
test data4000
test data4000
test data4000
test data4000
test data4000
test data4000
test data4000
test data4000
test data4000
test data4000
test data4000
test data4000
test data4000
test data4000
test data4000
test data4000
test data4000
test data4000
test data4000
test data4000
test data4000
test data4000
test data4000
test data4000
test data4000
test data4000
test data4000
test data4000
test data4000
test data4000
test data4000
test data4000
test data4000
test data4000
test data4000
test data4000
test data4000
test data4000
test data4000
test data4000
test data4000
test data4000
test data4000
test data4000
test data4000
test data4000
test data4000
test data4000
test data4000
test data4000
test data4000
test data4000
test data4000
test data4000
test data4000
test data4000
test data4000
test data4000
test data4000
test data4000
test data4000
test data4000
test data4000
test data4000
test data4000
test data4000
test data4000
test data4000
test data4000
test data4000
test data4000
test data4000
test data4000
test data4000
test data4000
test data4000
test data4000
test data4000
test data4000
test data4000
test data4000
test data4000
test data4000
test data4000
test data4000
test data4000
test data4000
test data4000
test data4000
test data4000
test data4000
test data4000
test data4000
test data4000
test data4000
test data4000
test data4000
test data4000
test data4000
test data4000
test data4000
test data4000
test data4000
test data4000
test data4000
test data4000
test data4000
test data4000
test data4000
test data4000
test data4000
test data4000
test data4000
test data4000
test data4000
test data4000
test data4000
test data4000
test data4000
test data4000
test data4000
test data4000
test data4000
test data4000
test data4000
test data4000
test data4000
test data4000
test data4000
test data4000
test data4000
test data4000
test data4000
test data4000
test data4000
test data4000
test data4000
test data4000
test data4000
test data4000
test data4000
test data4000
test data4000
test data4000
test data4000
test data4000
test data4000
test data4000
test data4000
test data4000
test data4000
test data4000
test data4000
test data4000
test data4000
test data4000
test data4000
test data4000
test data4000
test data4000
test data4000
test data4000
test data4000
test data4000
test data4000
test data4000
test data4000
test data4000
test data4000
test data4000
test data4000
test data4000
test data4000
test data4000
test data4000
test data4000
test data4000
test data4000
test data4000
test data4000
test data4000
test data4000
test data4000
test data4000
test data4000
test data4000
test data4000
test data4000
test data4000
test data4000
test data4000
test data4000
test data4000
test data4000
test data4000
test data4000
test data4000
test data4000
test data4000
test data4000
test data4000
test data4000
test data4000
test data4000
test data4000
test data4000
test data4000
test data4000
test data4000
test data4000
test data4000
test data4000
test data4000
test data4000
test data4000
test data4000
test data4000
test data4000
test data4000
test data4000
test data4000
test data4000
test data4000
test data4000
test data4000
test data4000
test data4000
test data4000
test data4000
test data4000
test data4000
test data4000
test data4000
test data4000
test data4000
test data4000
test data4000
test data4000
test data4000
test data4000
test data4000
test data4000
test data4000
test data4000
test data4000
test data4000
test data4000
test data4000
test data4000
test data4000
test data4000
test data4000
test data4000
test data4000
test data4000
test data4000
test data4000
test data4000
test data4000
test data4000
test data4000
test data4000
test data4000
test data4000
test data4000
test data4000
test data4000
test data4000
test data4000
test data4000
test data4000
test data4000
test data4000
test data4000
test data4000
test data4000
test data4000
test data4000
test data4000
test data4000
test data4000
test data4000
test data4000
test data4000
test data4000
test data4000
test data4000
test data4000
test data4000
test data4000
test data4000
test data4000
test data4000
test data4000
test data4000
test data4000
test data4000
test data4000
test data4000
test data4000
test data4000
test data4000
test data4000
test data4000
test data4000
test data4000
test data4000
test data4000
test data4000
test data4000
test data4000
test data4000
test data4000
test data4000
test data4000
test data4000
test data4000
test data4000
test data4000
test data4000
test data4000
test data4000
test data4000
test data4000
test data4000
test data4000
test data4000
test data4000
test data4000
test data4000
test data4000
test data4000
test data4000
test data4000
test data4000
test data4000
test data4000
test data4000
test data4000
test data4000
test data4000
test data4000
test data4000
test data4000
test data4000
test data4000
test data4000
test data4000
test data4000
test data4000
test data4000
test data4000
test data4000
test data4000
test data4000
test data4000
test data4000
test data4000
test data4000
test data4000
test data4000
test data4000
test data4000
test data4000
test data4000
test data4000
test data4000
test data4000
test data4000
test data4000
test data4000
test data4000
test data4000
test data4000
test data4000
test data4000
test data4000
test data4000
test data4000
test data4000
test data4000
test data4000
test data4000
test data4000
test data4000
test data4000
test data4000
test data4000
test data4000
test data4000
test data4000
test data4000
test data4000
test data4000
test data4000
test data4000
test data4000
test data4000
test data4000
test data4000
test data4000
test data4000
test data4000
test data4000
test data4000
test data4000
test data4000
test data4000
test data4000
test data4000
test data4000
test data4000
test data4000
test data4000
test data4000
test data4000
test data4000
test data4000
test data4000
test data4000
test data4000
test data4000
test data4000
test data4000
test data4000
test data4000
test data4000
test data4000
test data4000
test data4000
test data4000
test data4000
test data4000
test data4000
test data4000
test data4000
test data4000
test data4000
test data4000
test data4000
test data4000
test data4000
test data4000
test data4000
test data4000
test data4000
test data4000
test data4000
test data4000
test data4000
test data4000
test data4000
test data4000
test data4000
test data4000
test data4000
test data4000
test data4000
test data4000
test data4000
test data4000
test data4000
test data4000
test data4000
test data4000
test data4000
test data4000
test data4000
test data4000
test data4000
test data4000
test data4000
test data4000
test data4000
test data4000
test data4000
test data4000
test data4000
test data4000
test data4000
test data4000
test data4000
test data4000
test data4000
test data4000
test data4000
test data4000
test data4000
test data4000
test data4000
test data4000
test data4000
test data4000
test data4000
test data4000
test data4000
test data4000
test data4000
test data4000
test data4000
test data4000
test data4000
test data4000
test data4000
test data4000
test data4000
test data4000
test data4000
test data4000
test data4000
test data4000
test data4000
test data4000
test data4000
test data4000
test data4000
test data4000
test data4000
test data4000
test data4000
test data4000
test data4000
test data4000
test data4000
test data4000
test data4000
test data4000
test data4000
test data4000
test data4000
test data4000
test data4000
test data4000
test data4000
test data4000
test data4000
test data4000
test data4000
test data4000
test data4000
test data4000
test data4000
test data4000
test data4000
test data4000
test data4000
test data4000
test data4000
test data4000
test data4000
test data4000
test data4000
test data4000
test data4000
test data4000
test data4000
test data4000
test data4000
test data4000
test data4000
test data4000
test data4000
test data4000
test data4000
test data4000
test data4000
test data4000
test data4000
test data4000
test data4000
test data4000
test data4000
test data4000
test data4000
test data4000
test data4000
test data4000
test data4000
test data4000
test data4000
test data4000
test data4000
test data4000
test data4000
test data4000
test data4000
test data4000
test data4000
test data4000
test data4000
test data4000
test data4000
test data4000
test data4000
test data4000
test data4000
test data4000
test data4000
test data4000
test data4000
test data4000
test data4000
test data4000
test data4000
test data4000
test data4000
test data4000
test data4000
test data4000
test data4000
test data4000
test data4000
test data4000
test data4000
test data4000
test data4000
test data4000
test data4000
test data4000
test data4000
test data4000
test data4000
test data4000
test data4000
test data4000
test data4000
test data4000
test data4000
test data4000
test data4000
test data4000
test data4000
test data4000
test data4000
test data4000
test data4000
test data4000
test data4000
test data4000
test data4000
test data4000
test data4000
test data4000
test data4000
test data4000
test data4000
test data4000
test data4000
test data4000
test data4000
test data4000
test data4000
test data4000
test data4000
test data4000
test data4000
test data4000
test data4000
test data4000
test data4000
test data4000
test data4000
test data4000
test data4000
test data4000
test data4000
test data4000
test data4000
test data4000
test data4000
test data4000
test data4000
test data4000
test data4000
test data4000
test data4000
test data4000
test data4000
test data4000
test data4000
test data4000
test data4000
test data4000
test data4000
test data4000
test data4000
test data4000
test data4000
test data4000
test data4000
test data4000
test data4000
test data4000
test data4000
test data4000
test data4000
test data4000
test data4000
test data4000
test data4000
test data4000
test data4000
test data4000
test data4000
test data4000
test data4000
test data4000
test data4000
test data4000
test data4000
test data4000
test data4000
test data4000
test data4000
test data4000
test data4000
test data5000
test data5000
test data5000
test data5000
test data5000
test data5000
test data5000
test data5000
test data5000
test data5000
test data5000
test data5000
test data5000
test data5000
test data5000
test data5000
test data5000
test data5000
test data5000
test data5000
test data5000
test data5000
test data5000
test data5000
test data5000
test data5000
test data5000
test data5000
test data5000
test data5000
test data5000
test data5000
test data5000
test data5000
test data5000
test data5000
test data5000
test data5000
test data5000
test data5000
test data5000
test data5000
test data5000
test data5000
test data5000
test data5000
test data5000
test data5000
test data5000
test data5000
test data5000
test data5000
test data5000
test data5000
test data5000
test data5000
test data5000
test data5000
test data5000
test data5000
test data5000
test data5000
test data5000
test data5000
test data5000
test data5000
test data5000
test data5000
test data5000
test data5000
test data5000
test data5000
test data5000
test data5000
test data5000
test data5000
test data5000
test data5000
test data5000
test data5000
test data5000
test data5000
test data5000
test data5000
test data5000
test data5000
test data5000
test data5000
test data5000
test data5000
test data5000
test data5000
test data5000
test data5000
test data5000
test data5000
test data5000
test data5000
test data5000
test data5000
test data5000
test data5000
test data5000
test data5000
test data5000
test data5000
test data5000
test data5000
test data5000
test data5000
test data5000
test data5000
test data5000
test data5000
test data5000
test data5000
test data5000
test data5000
test data5000
test data5000
test data5000
test data5000
test data5000
test data5000
test data5000
test data5000
test data5000
test data5000
test data5000
test data5000
test data5000
test data5000
test data5000
test data5000
test data5000
test data5000
test data5000
test data5000
test data5000
test data5000
test data5000
test data5000
test data5000
test data5000
test data5000
test data5000
test data5000
test data5000
test data5000
test data5000
test data5000
test data5000
test data5000
test data5000
test data5000
test data5000
test data5000
test data5000
test data5000
test data5000
test data5000
test data5000
test data5000
test data5000
test data5000
test data5000
test data5000
test data5000
test data5000
test data5000
test data5000
test data5000
test data5000
test data5000
test data5000
test data5000
test data5000
test data5000
test data5000
test data5000
test data5000
test data5000
test data5000
test data5000
test data5000
test data5000
test data5000
test data5000
test data5000
test data5000
test data5000
test data5000
test data5000
test data5000
test data5000
test data5000
test data5000
test data5000
test data5000
test data5000
test data5000
test data5000
test data5000
test data5000
test data5000
test data5000
test data5000
test data5000
test data5000
test data5000
test data5000
test data5000
test data5000
test data5000
test data5000
test data5000
test data5000
test data5000
test data5000
test data5000
test data5000
test data5000
test data5000
test data5000
test data5000
test data5000
test data5000
test data5000
test data5000
test data5000
test data5000
test data5000
test data5000
test data5000
test data5000
test data5000
test data5000
test data5000
test data5000
test data5000
test data5000
test data5000
test data5000
test data5000
test data5000
test data5000
test data5000
test data5000
test data5000
test data5000
test data5000
test data5000
test data5000
test data5000
test data5000
test data5000
test data5000
test data5000
test data5000
test data5000
test data5000
test data5000
test data5000
test data5000
test data5000
test data5000
test data5000
test data5000
test data5000
test data5000
test data5000
test data5000
test data5000
test data5000
test data5000
test data5000
test data5000
test data5000
test data5000
test data5000
test data5000
test data5000
test data5000
test data5000
test data5000
test data5000
test data5000
test data5000
test data5000
test data5000
test data5000
test data5000
test data5000
test data5000
test data5000
test data5000
test data5000
test data5000
test data5000
test data5000
test data5000
test data5000
test data5000
test data5000
test data5000
test data5000
test data5000
test data5000
test data5000
test data5000
test data5000
test data5000
test data5000
test data5000
test data5000
test data5000
test data5000
test data5000
test data5000
test data5000
test data5000
test data5000
test data5000
test data5000
test data5000
test data5000
test data5000
test data5000
test data5000
test data5000
test data5000
test data5000
test data5000
test data5000
test data5000
test data5000
test data5000
test data5000
test data5000
test data5000
test data5000
test data5000
test data5000
test data5000
test data5000
test data5000
test data5000
test data5000
test data5000
test data5000
test data5000
test data5000
test data5000
test data5000
test data5000
test data5000
test data5000
test data5000
test data5000
test data5000
test data5000
test data5000
test data5000
test data5000
test data5000
test data5000
test data5000
test data5000
test data5000
test data5000
test data5000
test data5000
test data5000
test data5000
test data5000
test data5000
test data5000
test data5000
test data5000
test data5000
test data5000
test data5000
test data5000
test data5000
test data5000
test data5000
test data5000
test data5000
test data5000
test data5000
test data5000
test data5000
test data5000
test data5000
test data5000
test data5000
test data5000
test data5000
test data5000
test data5000
test data5000
test data5000
test data5000
test data5000
test data5000
test data5000
test data5000
test data5000
test data5000
test data5000
test data5000
test data5000
test data5000
test data5000
test data5000
test data5000
test data5000
test data5000
test data5000
test data5000
test data5000
test data5000
test data5000
test data5000
test data5000
test data5000
test data5000
test data5000
test data5000
test data5000
test data5000
test data5000
test data5000
test data5000
test data5000
test data5000
test data5000
test data5000
test data5000
test data5000
test data5000
test data5000
test data5000
test data5000
test data5000
test data5000
test data5000
test data5000
test data5000
test data5000
test data5000
test data5000
test data5000
test data5000
test data5000
test data5000
test data5000
test data5000
test data5000
test data5000
test data5000
test data5000
test data5000
test data5000
test data5000
test data5000
test data5000
test data5000
test data5000
test data5000
test data5000
test data5000
test data5000
test data5000
test data5000
test data5000
test data5000
test data5000
test data5000
test data5000
test data5000
test data5000
test data5000
test data5000
test data5000
test data5000
test data5000
test data5000
test data5000
test data5000
test data5000
test data5000
test data5000
test data5000
test data5000
test data5000
test data5000
test data5000
test data5000
test data5000
test data5000
test data5000
test data5000
test data5000
test data5000
test data5000
test data5000
test data5000
test data5000
test data5000
test data5000
test data5000
test data5000
test data5000
test data5000
test data5000
test data5000
test data5000
test data5000
test data5000
test data5000
test data5000
test data5000
test data5000
test data5000
test data5000
test data5000
test data5000
test data5000
test data5000
test data5000
test data5000
test data5000
test data5000
test data5000
test data5000
test data5000
test data5000
test data5000
test data5000
test data5000
test data5000
test data5000
test data5000
test data5000
test data5000
test data5000
test data5000
test data5000
test data5000
test data5000
test data5000
test data5000
test data5000
test data5000
test data5000
test data5000
test data5000
test data5000
test data5000
test data5000
test data5000
test data5000
test data5000
test data5000
test data5000
test data5000
test data5000
test data5000
test data5000
test data5000
test data5000
test data5000
test data5000
test data5000
test data5000
test data5000
test data5000
test data5000
test data5000
test data5000
test data5000
test data5000
test data5000
test data5000
test data5000
test data5000
test data5000
test data5000
test data5000
test data5000
test data5000
test data5000
test data5000
test data5000
test data5000
test data5000
test data5000
test data5000
test data5000
test data5000
test data5000
test data5000
test data5000
test data5000
test data5000
test data5000
test data5000
test data5000
test data5000
test data5000
test data5000
test data5000
test data5000
test data5000
test data5000
test data5000
test data5000
test data5000
test data5000
test data5000
test data5000
test data5000
test data5000
test data5000
test data5000
test data5000
test data5000
test data5000
test data5000
test data5000
test data5000
test data5000
test data5000
test data5000
test data5000
test data5000
test data5000
test data5000
test data5000
test data5000
test data5000
test data5000
test data5000
test data5000
test data5000
test data5000
test data5000
test data5000
test data5000
test data5000
test data5000
test data5000
test data5000
test data5000
test data5000
test data5000
test data5000
test data5000
test data5000
test data5000
test data5000
test data5000
test data5000
test data5000
test data5000
test data5000
test data5000
test data5000
test data5000
test data5000
test data5000
test data5000
test data5000
test data5000
test data5000
test data5000
test data5000
test data5000
test data5000
test data5000
test data5000
test data5000
test data5000
test data5000
test data5000
test data5000
test data5000
test data5000
test data5000
test data5000
test data5000
test data5000
test data5000
test data5000
test data5000
test data5000
test data5000
test data5000
test data5000
test data5000
test data5000
test data5000
test data5000
test data5000
test data5000
test data5000
test data5000
test data5000
test data5000
test data5000
test data5000
test data5000
test data5000
test data5000
test data5000
test data5000
test data5000
test data5000
test data5000
test data5000
test data5000
test data5000
test data5000
test data5000
test data5000
test data5000
test data5000
test data5000
test data5000
test data5000
test data5000
test data5000
test data5000
test data5000
test data5000
test data5000
test data5000
test data5000
test data5000
test data5000
test data5000
test data5000
test data5000
test data5000
test data5000
test data5000
test data5000
test data5000
test data5000
test data5000
test data5000
test data5000
test data5000
test data5000
test data5000
test data5000
test data5000
test data5000
test data5000
test data5000
test data5000
test data5000
test data5000
test data5000
test data5000
test data5000
test data5000
test data5000
test data5000
test data5000
test data5000
test data5000
test data5000
test data5000
test data5000
test data5000
test data5000
test data5000
test data5000
test data5000
test data5000
test data5000
test data5000
test data5000
test data5000
test data5000
test data5000
test data5000
test data5000
test data5000
test data5000
test data5000
test data5000
test data5000
test data5000
test data5000
test data5000
test data5000
test data5000
test data5000
test data5000
test data5000
test data5000
test data5000
test data5000
test data5000
test data5000
test data5000
test data5000
test data5000
test data5000
test data5000
test data5000
test data5000
test data5000
test data5000
test data5000
test data5000
test data5000
test data5000
test data5000
test data5000
test data5000
test data5000
test data5000
test data5000
test data5000
test data5000
test data5000
test data5000
test data5000
test data5000
test data5000
test data5000
test data5000
test data5000
test data5000
test data5000
test data5000
test data5000
test data5000
test data5000
test data5000
test data5000
test data5000
test data5000
test data5000
test data5000
test data5000
test data5000
test data5000
test data5000
test data5000
test data5000
test data5000
test data5000
test data5000
test data5000
test data5000
test data5000
test data5000
test data5000
test data5000
test data5000
test data5000
test data5000
test data5000
test data5000
test data5000
test data5000
test data5000
test data5000
test data5000
test data5000
test data5000
test data5000
test data5000
test data5000
test data5000
test data5000
test data5000
test data5000
test data5000
test data5000
test data5000
test data5000
test data5000
test data5000
test data5000
test data5000
test data5000
test data5000
test data5000
test data5000
test data5000
test data5000
test data5000
test data5000
test data5000
test data5000
test data5000
test data5000
test data5000
test data5000
test data5000
test data5000
test data5000
test data5000
test data5000
test data5000
test data5000
test data5000
test data5000
test data5000
test data5000
test data5000
test data5000
test data5000
test data5000
test data5000
test data5000
test data5000
test data5000
test data5000
test data5000
test data5000
test data5000
test data5000
test data5000
test data5000
test data5000
test data5000
test data5000
test data5000
test data5000
test data5000
test data5000
test data5000
test data5000
test data5000
test data5000
test data5000
test data5000
test data5000
test data5000
test data5000
test data5000
test data5000
test data5000
test data5000
test data5000
test data5000
test data5000
test data5000
test data5000
test data5000
test data5000
test data5000
test data5000
test data5000
test data5000
test data5000
test data5000
test data5000
test data5000
test data5000
test data5000
test data5000
test data5000
test data5000
test data5000
test data5000
test data5000
test data5000
test data5000
test data5000
test data5000
test data5000
test data5000
test data5000
test data5000
test data5000
test data5000
test data5000
test data5000
test data5000
test data5000
test data5000
test data5000
test data5000
test data5000
test data5000
test data5000
test data5000
test data5000
test data5000
test data5000
test data5000
test data5000
test data6000
test data6000
test data6000
test data6000
test data6000
test data6000
test data6000
test data6000
test data6000
test data6000
test data6000
test data6000
test data6000
test data6000
test data6000
test data6000
test data6000
test data6000
test data6000
test data6000
test data6000
test data6000
test data6000
test data6000
test data6000
test data6000
test data6000
test data6000
test data6000
test data6000
test data6000
test data6000
test data6000
test data6000
test data6000
test data6000
test data6000
test data6000
test data6000
test data6000
test data6000
test data6000
test data6000
test data6000
test data6000
test data6000
test data6000
test data6000
test data6000
test data6000
test data6000
test data6000
test data6000
test data6000
test data6000
test data6000
test data6000
test data6000
test data6000
test data6000
test data6000
test data6000
test data6000
test data6000
test data6000
test data6000
test data6000
test data6000
test data6000
test data6000
test data6000
test data6000
test data6000
test data6000
test data6000
test data6000
test data6000
test data6000
test data6000
test data6000
test data6000
test data6000
test data6000
test data6000
test data6000
test data6000
test data6000
test data6000
test data6000
test data6000
test data6000
test data6000
test data6000
test data6000
test data6000
test data6000
test data6000
test data6000
test data6000
test data6000
test data6000
test data6000
test data6000
test data6000
test data6000
test data6000
test data6000
test data6000
test data6000
test data6000
test data6000
test data6000
test data6000
test data6000
test data6000
test data6000
test data6000
test data6000
test data6000
test data6000
test data6000
test data6000
test data6000
test data6000
test data6000
test data6000
test data6000
test data6000
test data6000
test data6000
test data6000
test data6000
test data6000
test data6000
test data6000
test data6000
test data6000
test data6000
test data6000
test data6000
test data6000
test data6000
test data6000
test data6000
test data6000
test data6000
test data6000
test data6000
test data6000
test data6000
test data6000
test data6000
test data6000
test data6000
test data6000
test data6000
test data6000
test data6000
test data6000
test data6000
test data6000
test data6000
test data6000
test data6000
test data6000
test data6000
test data6000
test data6000
test data6000
test data6000
test data6000
test data6000
test data6000
test data6000
test data6000
test data6000
test data6000
test data6000
test data6000
test data6000
test data6000
test data6000
test data6000
test data6000
test data6000
test data6000
test data6000
test data6000
test data6000
test data6000
test data6000
test data6000
test data6000
test data6000
test data6000
test data6000
test data6000
test data6000
test data6000
test data6000
test data6000
test data6000
test data6000
test data6000
test data6000
test data6000
test data6000
test data6000
test data6000
test data6000
test data6000
test data6000
test data6000
test data6000
test data6000
test data6000
test data6000
test data6000
test data6000
test data6000
test data6000
test data6000
test data6000
test data6000
test data6000
test data6000
test data6000
test data6000
test data6000
test data6000
test data6000
test data6000
test data6000
test data6000
test data6000
test data6000
test data6000
test data6000
test data6000
test data6000
test data6000
test data6000
test data6000
test data6000
test data6000
test data6000
test data6000
test data6000
test data6000
test data6000
test data6000
test data6000
test data6000
test data6000
test data6000
test data6000
test data6000
test data6000
test data6000
test data6000
test data6000
test data6000
test data6000
test data6000
test data6000
test data6000
test data6000
test data6000
test data6000
test data6000
test data6000
test data6000
test data6000
test data6000
test data6000
test data6000
test data6000
test data6000
test data6000
test data6000
test data6000
test data6000
test data6000
test data6000
test data6000
test data6000
test data6000
test data6000
test data6000
test data6000
test data6000
test data6000
test data6000
test data6000
test data6000
test data6000
test data6000
test data6000
test data6000
test data6000
test data6000
test data6000
test data6000
test data6000
test data6000
test data6000
test data6000
test data6000
test data6000
test data6000
test data6000
test data6000
test data6000
test data6000
test data6000
test data6000
test data6000
test data6000
test data6000
test data6000
test data6000
test data6000
test data6000
test data6000
test data6000
test data6000
test data6000
test data6000
test data6000
test data6000
test data6000
test data6000
test data6000
test data6000
test data6000
test data6000
test data6000
test data6000
test data6000
test data6000
test data6000
test data6000
test data6000
test data6000
test data6000
test data6000
test data6000
test data6000
test data6000
test data6000
test data6000
test data6000
test data6000
test data6000
test data6000
test data6000
test data6000
test data6000
test data6000
test data6000
test data6000
test data6000
test data6000
test data6000
test data6000
test data6000
test data6000
test data6000
test data6000
test data6000
test data6000
test data6000
test data6000
test data6000
test data6000
test data6000
test data6000
test data6000
test data6000
test data6000
test data6000
test data6000
test data6000
test data6000
test data6000
test data6000
test data6000
test data6000
test data6000
test data6000
test data6000
test data6000
test data6000
test data6000
test data6000
test data6000
test data6000
test data6000
test data6000
test data6000
test data6000
test data6000
test data6000
test data6000
test data6000
test data6000
test data6000
test data6000
test data6000
test data6000
test data6000
test data6000
test data6000
test data6000
test data6000
test data6000
test data6000
test data6000
test data6000
test data6000
test data6000
test data6000
test data6000
test data6000
test data6000
test data6000
test data6000
test data6000
test data6000
test data6000
test data6000
test data6000
test data6000
test data6000
test data6000
test data6000
test data6000
test data6000
test data6000
test data6000
test data6000
test data6000
test data6000
test data6000
test data6000
test data6000
test data6000
test data6000
test data6000
test data6000
test data6000
test data6000
test data6000
test data6000
test data6000
test data6000
test data6000
test data6000
test data6000
test data6000
test data6000
test data6000
test data6000
test data6000
test data6000
test data6000
test data6000
test data6000
test data6000
test data6000
test data6000
test data6000
test data6000
test data6000
test data6000
test data6000
test data6000
test data6000
test data6000
test data6000
test data6000
test data6000
test data6000
test data6000
test data6000
test data6000
test data6000
test data6000
test data6000
test data6000
test data6000
test data6000
test data6000
test data6000
test data6000
test data6000
test data6000
test data6000
test data6000
test data6000
test data6000
test data6000
test data6000
test data6000
test data6000
test data6000
test data6000
test data6000
test data6000
test data6000
test data6000
test data6000
test data6000
test data6000
test data6000
test data6000
test data6000
test data6000
test data6000
test data6000
test data6000
test data6000
test data6000
test data6000
test data6000
test data6000
test data6000
test data6000
test data6000
test data6000
test data6000
test data6000
test data6000
test data6000
test data6000
test data6000
test data6000
test data6000
test data6000
test data6000
test data6000
test data6000
test data6000
test data6000
test data6000
test data6000
test data6000
test data6000
test data6000
test data6000
test data6000
test data6000
test data6000
test data6000
test data6000
test data6000
test data6000
test data6000
test data6000
test data6000
test data6000
test data6000
test data6000
test data6000
test data6000
test data6000
test data6000
test data6000
test data6000
test data6000
test data6000
test data6000
test data6000
test data6000
test data6000
test data6000
test data6000
test data6000
test data6000
test data6000
test data6000
test data6000
test data6000
test data6000
test data6000
test data6000
test data6000
test data6000
test data6000
test data6000
test data6000
test data6000
test data6000
test data6000
test data6000
test data6000
test data6000
test data6000
test data6000
test data6000
test data6000
test data6000
test data6000
test data6000
test data6000
test data6000
test data6000
test data6000
test data6000
test data6000
test data6000
test data6000
test data6000
test data6000
test data6000
test data6000
test data6000
test data6000
test data6000
test data6000
test data6000
test data6000
test data6000
test data6000
test data6000
test data6000
test data6000
test data6000
test data6000
test data6000
test data6000
test data6000
test data6000
test data6000
test data6000
test data6000
test data6000
test data6000
test data6000
test data6000
test data6000
test data6000
test data6000
test data6000
test data6000
test data6000
test data6000
test data6000
test data6000
test data6000
test data6000
test data6000
test data6000
test data6000
test data6000
test data6000
test data6000
test data6000
test data6000
test data6000
test data6000
test data6000
test data6000
test data6000
test data6000
test data6000
test data6000
test data6000
test data6000
test data6000
test data6000
test data6000
test data6000
test data6000
test data6000
test data6000
test data6000
test data6000
test data6000
test data6000
test data6000
test data6000
test data6000
test data6000
test data6000
test data6000
test data6000
test data6000
test data6000
test data6000
test data6000
test data6000
test data6000
test data6000
test data6000
test data6000
test data6000
test data6000
test data6000
test data6000
test data6000
test data6000
test data6000
test data6000
test data6000
test data6000
test data6000
test data6000
test data6000
test data6000
test data6000
test data6000
test data6000
test data6000
test data6000
test data6000
test data6000
test data6000
test data6000
test data6000
test data6000
test data6000
test data6000
test data6000
test data6000
test data6000
test data6000
test data6000
test data6000
test data6000
test data6000
test data6000
test data6000
test data6000
test data6000
test data6000
test data6000
test data6000
test data6000
test data6000
test data6000
test data6000
test data6000
test data6000
test data6000
test data6000
test data6000
test data6000
test data6000
test data6000
test data6000
test data6000
test data6000
test data6000
test data6000
test data6000
test data6000
test data6000
test data6000
test data6000
test data6000
test data6000
test data6000
test data6000
test data6000
test data6000
test data6000
test data6000
test data6000
test data6000
test data6000
test data6000
test data6000
test data6000
test data6000
test data6000
test data6000
test data6000
test data6000
test data6000
test data6000
test data6000
test data6000
test data6000
test data6000
test data6000
test data6000
test data6000
test data6000
test data6000
test data6000
test data6000
test data6000
test data6000
test data6000
test data6000
test data6000
test data6000
test data6000
test data6000
test data6000
test data6000
test data6000
test data6000
test data6000
test data6000
test data6000
test data6000
test data6000
test data6000
test data6000
test data6000
test data6000
test data6000
test data6000
test data6000
test data6000
test data6000
test data6000
test data6000
test data6000
test data6000
test data6000
test data6000
test data6000
test data6000
test data6000
test data6000
test data6000
test data6000
test data6000
test data6000
test data6000
test data6000
test data6000
test data6000
test data6000
test data6000
test data6000
test data6000
test data6000
test data6000
test data6000
test data6000
test data6000
test data6000
test data6000
test data6000
test data6000
test data6000
test data6000
test data6000
test data6000
test data6000
test data6000
test data6000
test data6000
test data6000
test data6000
test data6000
test data6000
test data6000
test data6000
test data6000
test data6000
test data6000
test data6000
test data6000
test data6000
test data6000
test data6000
test data6000
test data6000
test data6000
test data6000
test data6000
test data6000
test data6000
test data6000
test data6000
test data6000
test data6000
test data6000
test data6000
test data6000
test data6000
test data6000
test data6000
test data6000
test data6000
test data6000
test data6000
test data6000
test data6000
test data6000
test data6000
test data6000
test data6000
test data6000
test data6000
test data6000
test data6000
test data6000
test data6000
test data6000
test data6000
test data6000
test data6000
test data6000
test data6000
test data6000
test data6000
test data6000
test data6000
test data6000
test data6000
test data6000
test data6000
test data6000
test data6000
test data6000
test data6000
test data6000
test data6000
test data6000
test data6000
test data6000
test data6000
test data6000
test data6000
test data6000
test data6000
test data6000
test data6000
test data6000
test data6000
test data6000
test data6000
test data6000
test data6000
test data6000
test data6000
test data6000
test data6000
test data6000
test data6000
test data6000
test data6000
test data6000
test data6000
test data6000
test data6000
test data6000
test data6000
test data6000
test data6000
test data6000
test data6000
test data6000
test data6000
test data6000
test data6000
test data6000
test data6000
test data6000
test data6000
test data6000
test data6000
test data6000
test data6000
test data6000
test data6000
test data6000
test data6000
test data6000
test data6000
test data6000
test data6000
test data6000
test data6000
test data6000
test data6000
test data6000
test data6000
test data6000
test data6000
test data6000
test data6000
test data6000
test data6000
test data6000
test data6000
test data6000
test data6000
test data6000
test data6000
test data6000
test data6000
test data6000
test data6000
test data7000
test data7000
test data7000
test data7000
test data7000
test data7000
test data7000
test data7000
test data7000
test data7000
test data7000
test data7000
test data7000
test data7000
test data7000
test data7000
test data7000
test data7000
test data7000
test data7000
test data7000
test data7000
test data7000
test data7000
test data7000
test data7000
test data7000
test data7000
test data7000
test data7000
test data7000
test data7000
test data7000
test data7000
test data7000
test data7000
test data7000
test data7000
test data7000
test data7000
test data7000
test data7000
test data7000
test data7000
test data7000
test data7000
test data7000
test data7000
test data7000
test data7000
test data7000
test data7000
test data7000
test data7000
test data7000
test data7000
test data7000
test data7000
test data7000
test data7000
test data7000
test data7000
test data7000
test data7000
test data7000
test data7000
test data7000
test data7000
test data7000
test data7000
test data7000
test data7000
test data7000
test data7000
test data7000
test data7000
test data7000
test data7000
test data7000
test data7000
test data7000
test data7000
test data7000
test data7000
test data7000
test data7000
test data7000
test data7000
test data7000
test data7000
test data7000
test data7000
test data7000
test data7000
test data7000
test data7000
test data7000
test data7000
test data7000
test data7000
test data7000
test data7000
test data7000
test data7000
test data7000
test data7000
test data7000
test data7000
test data7000
test data7000
test data7000
test data7000
test data7000
test data7000
test data7000
test data7000
test data7000
test data7000
test data7000
test data7000
test data7000
test data7000
test data7000
test data7000
test data7000
test data7000
test data7000
test data7000
test data7000
test data7000
test data7000
test data7000
test data7000
test data7000
test data7000
test data7000
test data7000
test data7000
test data7000
test data7000
test data7000
test data7000
test data7000
test data7000
test data7000
test data7000
test data7000
test data7000
test data7000
test data7000
test data7000
test data7000
test data7000
test data7000
test data7000
test data7000
test data7000
test data7000
test data7000
test data7000
test data7000
test data7000
test data7000
test data7000
test data7000
test data7000
test data7000
test data7000
test data7000
test data7000
test data7000
test data7000
test data7000
test data7000
test data7000
test data7000
test data7000
test data7000
test data7000
test data7000
test data7000
test data7000
test data7000
test data7000
test data7000
test data7000
test data7000
test data7000
test data7000
test data7000
test data7000
test data7000
test data7000
test data7000
test data7000
test data7000
test data7000
test data7000
test data7000
test data7000
test data7000
test data7000
test data7000
test data7000
test data7000
test data7000
test data7000
test data7000
test data7000
test data7000
test data7000
test data7000
test data7000
test data7000
test data7000
test data7000
test data7000
test data7000
test data7000
test data7000
test data7000
test data7000
test data7000
test data7000
test data7000
test data7000
test data7000
test data7000
test data7000
test data7000
test data7000
test data7000
test data7000
test data7000
test data7000
test data7000
test data7000
test data7000
test data7000
test data7000
test data7000
test data7000
test data7000
test data7000
test data7000
test data7000
test data7000
test data7000
test data7000
test data7000
test data7000
test data7000
test data7000
test data7000
test data7000
test data7000
test data7000
test data7000
test data7000
test data7000
test data7000
test data7000
test data7000
test data7000
test data7000
test data7000
test data7000
test data7000
test data7000
test data7000
test data7000
test data7000
test data7000
test data7000
test data7000
test data7000
test data7000
test data7000
test data7000
test data7000
test data7000
test data7000
test data7000
test data7000
test data7000
test data7000
test data7000
test data7000
test data7000
test data7000
test data7000
test data7000
test data7000
test data7000
test data7000
test data7000
test data7000
test data7000
test data7000
test data7000
test data7000
test data7000
test data7000
test data7000
test data7000
test data7000
test data7000
test data7000
test data7000
test data7000
test data7000
test data7000
test data7000
test data7000
test data7000
test data7000
test data7000
test data7000
test data7000
test data7000
test data7000
test data7000
test data7000
test data7000
test data7000
test data7000
test data7000
test data7000
test data7000
test data7000
test data7000
test data7000
test data7000
test data7000
test data7000
test data7000
test data7000
test data7000
test data7000
test data7000
test data7000
test data7000
test data7000
test data7000
test data7000
test data7000
test data7000
test data7000
test data7000
test data7000
test data7000
test data7000
test data7000
test data7000
test data7000
test data7000
test data7000
test data7000
test data7000
test data7000
test data7000
test data7000
test data7000
test data7000
test data7000
test data7000
test data7000
test data7000
test data7000
test data7000
test data7000
test data7000
test data7000
test data7000
test data7000
test data7000
test data7000
test data7000
test data7000
test data7000
test data7000
test data7000
test data7000
test data7000
test data7000
test data7000
test data7000
test data7000
test data7000
test data7000
test data7000
test data7000
test data7000
test data7000
test data7000
test data7000
test data7000
test data7000
test data7000
test data7000
test data7000
test data7000
test data7000
test data7000
test data7000
test data7000
test data7000
test data7000
test data7000
test data7000
test data7000
test data7000
test data7000
test data7000
test data7000
test data7000
test data7000
test data7000
test data7000
test data7000
test data7000
test data7000
test data7000
test data7000
test data7000
test data7000
test data7000
test data7000
test data7000
test data7000
test data7000
test data7000
test data7000
test data7000
test data7000
test data7000
test data7000
test data7000
test data7000
test data7000
test data7000
test data7000
test data7000
test data7000
test data7000
test data7000
test data7000
test data7000
test data7000
test data7000
test data7000
test data7000
test data7000
test data7000
test data7000
test data7000
test data7000
test data7000
test data7000
test data7000
test data7000
test data7000
test data7000
test data7000
test data7000
test data7000
test data7000
test data7000
test data7000
test data7000
test data7000
test data7000
test data7000
test data7000
test data7000
test data7000
test data7000
test data7000
test data7000
test data7000
test data7000
test data7000
test data7000
test data7000
test data7000
test data7000
test data7000
test data7000
test data7000
test data7000
test data7000
test data7000
test data7000
test data7000
test data7000
test data7000
test data7000
test data7000
test data7000
test data7000
test data7000
test data7000
test data7000
test data7000
test data7000
test data7000
test data7000
test data7000
test data7000
test data7000
test data7000
test data7000
test data7000
test data7000
test data7000
test data7000
test data7000
test data7000
test data7000
test data7000
test data7000
test data7000
test data7000
test data7000
test data7000
test data7000
test data7000
test data7000
test data7000
test data7000
test data7000
test data7000
test data7000
test data7000
test data7000
test data7000
test data7000
test data7000
test data7000
test data7000
test data7000
test data7000
test data7000
test data7000
test data7000
test data7000
test data7000
test data7000
test data7000
test data7000
test data7000
test data7000
test data7000
test data7000
test data7000
test data7000
test data7000
test data7000
test data7000
test data7000
test data7000
test data7000
test data7000
test data7000
test data7000
test data7000
test data7000
test data7000
test data7000
test data7000
test data7000
test data7000
test data7000
test data7000
test data7000
test data7000
test data7000
test data7000
test data7000
test data7000
test data7000
test data7000
test data7000
test data7000
test data7000
test data7000
test data7000
test data7000
test data7000
test data7000
test data7000
test data7000
test data7000
test data7000
test data7000
test data7000
test data7000
test data7000
test data7000
test data7000
test data7000
test data7000
test data7000
test data7000
test data7000
test data7000
test data7000
test data7000
test data7000
test data7000
test data7000
test data7000
test data7000
test data7000
test data7000
test data7000
test data7000
test data7000
test data7000
test data7000
test data7000
test data7000
test data7000
test data7000
test data7000
test data7000
test data7000
test data7000
test data7000
test data7000
test data7000
test data7000
test data7000
test data7000
test data7000
test data7000
test data7000
test data7000
test data7000
test data7000
test data7000
test data7000
test data7000
test data7000
test data7000
test data7000
test data7000
test data7000
test data7000
test data7000
test data7000
test data7000
test data7000
test data7000
test data7000
test data7000
test data7000
test data7000
test data7000
test data7000
test data7000
test data7000
test data7000
test data7000
test data7000
test data7000
test data7000
test data7000
test data7000
test data7000
test data7000
test data7000
test data7000
test data7000
test data7000
test data7000
test data7000
test data7000
test data7000
test data7000
test data7000
test data7000
test data7000
test data7000
test data7000
test data7000
test data7000
test data7000
test data7000
test data7000
test data7000
test data7000
test data7000
test data7000
test data7000
test data7000
test data7000
test data7000
test data7000
test data7000
test data7000
test data7000
test data7000
test data7000
test data7000
test data7000
test data7000
test data7000
test data7000
test data7000
test data7000
test data7000
test data7000
test data7000
test data7000
test data7000
test data7000
test data7000
test data7000
test data7000
test data7000
test data7000
test data7000
test data7000
test data7000
test data7000
test data7000
test data7000
test data7000
test data7000
test data7000
test data7000
test data7000
test data7000
test data7000
test data7000
test data7000
test data7000
test data7000
test data7000
test data7000
test data7000
test data7000
test data7000
test data7000
test data7000
test data7000
test data7000
test data7000
test data7000
test data7000
test data7000
test data7000
test data7000
test data7000
test data7000
test data7000
test data7000
test data7000
test data7000
test data7000
test data7000
test data7000
test data7000
test data7000
test data7000
test data7000
test data7000
test data7000
test data7000
test data7000
test data7000
test data7000
test data7000
test data7000
test data7000
test data7000
test data7000
test data7000
test data7000
test data7000
test data7000
test data7000
test data7000
test data7000
test data7000
test data7000
test data7000
test data7000
test data7000
test data7000
test data7000
test data7000
test data7000
test data7000
test data7000
test data7000
test data7000
test data7000
test data7000
test data7000
test data7000
test data7000
test data7000
test data7000
test data7000
test data7000
test data7000
test data7000
test data7000
test data7000
test data7000
test data7000
test data7000
test data7000
test data7000
test data7000
test data7000
test data7000
test data7000
test data7000
test data7000
test data7000
test data7000
test data7000
test data7000
test data7000
test data7000
test data7000
test data7000
test data7000
test data7000
test data7000
test data7000
test data7000
test data7000
test data7000
test data7000
test data7000
test data7000
test data7000
test data7000
test data7000
test data7000
test data7000
test data7000
test data7000
test data7000
test data7000
test data7000
test data7000
test data7000
test data7000
test data7000
test data7000
test data7000
test data7000
test data7000
test data7000
test data7000
test data7000
test data7000
test data7000
test data7000
test data7000
test data7000
test data7000
test data7000
test data7000
test data7000
test data7000
test data7000
test data7000
test data7000
test data7000
test data7000
test data7000
test data7000
test data7000
test data7000
test data7000
test data7000
test data7000
test data7000
test data7000
test data7000
test data7000
test data7000
test data7000
test data7000
test data7000
test data7000
test data7000
test data7000
test data7000
test data7000
test data7000
test data7000
test data7000
test data7000
test data7000
test data7000
test data7000
test data7000
test data7000
test data7000
test data7000
test data7000
test data7000
test data7000
test data7000
test data7000
test data7000
test data7000
test data7000
test data7000
test data7000
test data7000
test data7000
test data7000
test data7000
test data7000
test data7000
test data7000
test data7000
test data7000
test data7000
test data7000
test data7000
test data7000
test data7000
test data7000
test data7000
test data7000
test data7000
test data7000
test data7000
test data7000
test data7000
test data7000
test data7000
test data7000
test data7000
test data7000
test data7000
test data7000
test data7000
test data7000
test data7000
test data7000
test data7000
test data7000
test data7000
test data7000
test data7000
test data7000
test data7000
test data7000
test data7000
test data7000
test data7000
test data7000
test data7000
test data7000
test data7000
test data7000
test data7000
test data7000
test data7000
test data7000
test data7000
test data7000
test data7000
test data7000
test data7000
test data7000
test data7000
test data7000
test data7000
test data7000
test data7000
test data7000
test data7000
test data7000
test data7000
test data7000
test data7000
test data7000
test data7000
test data7000
test data7000
test data7000
test data7000
test data7000
test data7000
test data7000
test data7000
test data7000
test data7000
test data7000
test data8000
test data8000
test data8000
test data8000
test data8000
test data8000
test data8000
test data8000
test data8000
test data8000
test data8000
test data8000
test data8000
test data8000
test data8000
test data8000
test data8000
test data8000
test data8000
test data8000
test data8000
test data8000
test data8000
test data8000
test data8000
test data8000
test data8000
test data8000
test data8000
test data8000
test data8000
test data8000
test data8000
test data8000
test data8000
test data8000
test data8000
test data8000
test data8000
test data8000
test data8000
test data8000
test data8000
test data8000
test data8000
test data8000
test data8000
test data8000
test data8000
test data8000
test data8000
test data8000
test data8000
test data8000
test data8000
test data8000
test data8000
test data8000
test data8000
test data8000
test data8000
test data8000
test data8000
test data8000
test data8000
test data8000
test data8000
test data8000
test data8000
test data8000
test data8000
test data8000
test data8000
test data8000
test data8000
test data8000
test data8000
test data8000
test data8000
test data8000
test data8000
test data8000
test data8000
test data8000
test data8000
test data8000
test data8000
test data8000
test data8000
test data8000
test data8000
test data8000
test data8000
test data8000
test data8000
test data8000
test data8000
test data8000
test data8000
test data8000
test data8000
test data8000
test data8000
test data8000
test data8000
test data8000
test data8000
test data8000
test data8000
test data8000
test data8000
test data8000
test data8000
test data8000
test data8000
test data8000
test data8000
test data8000
test data8000
test data8000
test data8000
test data8000
test data8000
test data8000
test data8000
test data8000
test data8000
test data8000
test data8000
test data8000
test data8000
test data8000
test data8000
test data8000
test data8000
test data8000
test data8000
test data8000
test data8000
test data8000
test data8000
test data8000
test data8000
test data8000
test data8000
test data8000
test data8000
test data8000
test data8000
test data8000
test data8000
test data8000
test data8000
test data8000
test data8000
test data8000
test data8000
test data8000
test data8000
test data8000
test data8000
test data8000
test data8000
test data8000
test data8000
test data8000
test data8000
test data8000
test data8000
test data8000
test data8000
test data8000
test data8000
test data8000
test data8000
test data8000
test data8000
test data8000
test data8000
test data8000
test data8000
test data8000
test data8000
test data8000
test data8000
test data8000
test data8000
test data8000
test data8000
test data8000
test data8000
test data8000
test data8000
test data8000
test data8000
test data8000
test data8000
test data8000
test data8000
test data8000
test data8000
test data8000
test data8000
test data8000
test data8000
test data8000
test data8000
test data8000
test data8000
test data8000
test data8000
test data8000
test data8000
test data8000
test data8000
test data8000
test data8000
test data8000
test data8000
test data8000
test data8000
test data8000
test data8000
test data8000
test data8000
test data8000
test data8000
test data8000
test data8000
test data8000
test data8000
test data8000
test data8000
test data8000
test data8000
test data8000
test data8000
test data8000
test data8000
test data8000
test data8000
test data8000
test data8000
test data8000
test data8000
test data8000
test data8000
test data8000
test data8000
test data8000
test data8000
test data8000
test data8000
test data8000
test data8000
test data8000
test data8000
test data8000
test data8000
test data8000
test data8000
test data8000
test data8000
test data8000
test data8000
test data8000
test data8000
test data8000
test data8000
test data8000
test data8000
test data8000
test data8000
test data8000
test data8000
test data8000
test data8000
test data8000
test data8000
test data8000
test data8000
test data8000
test data8000
test data8000
test data8000
test data8000
test data8000
test data8000
test data8000
test data8000
test data8000
test data8000
test data8000
test data8000
test data8000
test data8000
test data8000
test data8000
test data8000
test data8000
test data8000
test data8000
test data8000
test data8000
test data8000
test data8000
test data8000
test data8000
test data8000
test data8000
test data8000
test data8000
test data8000
test data8000
test data8000
test data8000
test data8000
test data8000
test data8000
test data8000
test data8000
test data8000
test data8000
test data8000
test data8000
test data8000
test data8000
test data8000
test data8000
test data8000
test data8000
test data8000
test data8000
test data8000
test data8000
test data8000
test data8000
test data8000
test data8000
test data8000
test data8000
test data8000
test data8000
test data8000
test data8000
test data8000
test data8000
test data8000
test data8000
test data8000
test data8000
test data8000
test data8000
test data8000
test data8000
test data8000
test data8000
test data8000
test data8000
test data8000
test data8000
test data8000
test data8000
test data8000
test data8000
test data8000
test data8000
test data8000
test data8000
test data8000
test data8000
test data8000
test data8000
test data8000
test data8000
test data8000
test data8000
test data8000
test data8000
test data8000
test data8000
test data8000
test data8000
test data8000
test data8000
test data8000
test data8000
test data8000
test data8000
test data8000
test data8000
test data8000
test data8000
test data8000
test data8000
test data8000
test data8000
test data8000
test data8000
test data8000
test data8000
test data8000
test data8000
test data8000
test data8000
test data8000
test data8000
test data8000
test data8000
test data8000
test data8000
test data8000
test data8000
test data8000
test data8000
test data8000
test data8000
test data8000
test data8000
test data8000
test data8000
test data8000
test data8000
test data8000
test data8000
test data8000
test data8000
test data8000
test data8000
test data8000
test data8000
test data8000
test data8000
test data8000
test data8000
test data8000
test data8000
test data8000
test data8000
test data8000
test data8000
test data8000
test data8000
test data8000
test data8000
test data8000
test data8000
test data8000
test data8000
test data8000
test data8000
test data8000
test data8000
test data8000
test data8000
test data8000
test data8000
test data8000
test data8000
test data8000
test data8000
test data8000
test data8000
test data8000
test data8000
test data8000
test data8000
test data8000
test data8000
test data8000
test data8000
test data8000
test data8000
test data8000
test data8000
test data8000
test data8000
test data8000
test data8000
test data8000
test data8000
test data8000
test data8000
test data8000
test data8000
test data8000
test data8000
test data8000
test data8000
test data8000
test data8000
test data8000
test data8000
test data8000
test data8000
test data8000
test data8000
test data8000
test data8000
test data8000
test data8000
test data8000
test data8000
test data8000
test data8000
test data8000
test data8000
test data8000
test data8000
test data8000
test data8000
test data8000
test data8000
test data8000
test data8000
test data8000
test data8000
test data8000
test data8000
test data8000
test data8000
test data8000
test data8000
test data8000
test data8000
test data8000
test data8000
test data8000
test data8000
test data8000
test data8000
test data8000
test data8000
test data8000
test data8000
test data8000
test data8000
test data8000
test data8000
test data8000
test data8000
test data8000
test data8000
test data8000
test data8000
test data8000
test data8000
test data8000
test data8000
test data8000
test data8000
test data8000
test data8000
test data8000
test data8000
test data8000
test data8000
test data8000
test data8000
test data8000
test data8000
test data8000
test data8000
test data8000
test data8000
test data8000
test data8000
test data8000
test data8000
test data8000
test data8000
test data8000
test data8000
test data8000
test data8000
test data8000
test data8000
test data8000
test data8000
test data8000
test data8000
test data8000
test data8000
test data8000
test data8000
test data8000
test data8000
test data8000
test data8000
test data8000
test data8000
test data8000
test data8000
test data8000
test data8000
test data8000
test data8000
test data8000
test data8000
test data8000
test data8000
test data8000
test data8000
test data8000
test data8000
test data8000
test data8000
test data8000
test data8000
test data8000
test data8000
test data8000
test data8000
test data8000
test data8000
test data8000
test data8000
test data8000
test data8000
test data8000
test data8000
test data8000
test data8000
test data8000
test data8000
test data8000
test data8000
test data8000
test data8000
test data8000
test data8000
test data8000
test data8000
test data8000
test data8000
test data8000
test data8000
test data8000
test data8000
test data8000
test data8000
test data8000
test data8000
test data8000
test data8000
test data8000
test data8000
test data8000
test data8000
test data8000
test data8000
test data8000
test data8000
test data8000
test data8000
test data8000
test data8000
test data8000
test data8000
test data8000
test data8000
test data8000
test data8000
test data8000
test data8000
test data8000
test data8000
test data8000
test data8000
test data8000
test data8000
test data8000
test data8000
test data8000
test data8000
test data8000
test data8000
test data8000
test data8000
test data8000
test data8000
test data8000
test data8000
test data8000
test data8000
test data8000
test data8000
test data8000
test data8000
test data8000
test data8000
test data8000
test data8000
test data8000
test data8000
test data8000
test data8000
test data8000
test data8000
test data8000
test data8000
test data8000
test data8000
test data8000
test data8000
test data8000
test data8000
test data8000
test data8000
test data8000
test data8000
test data8000
test data8000
test data8000
test data8000
test data8000
test data8000
test data8000
test data8000
test data8000
test data8000
test data8000
test data8000
test data8000
test data8000
test data8000
test data8000
test data8000
test data8000
test data8000
test data8000
test data8000
test data8000
test data8000
test data8000
test data8000
test data8000
test data8000
test data8000
test data8000
test data8000
test data8000
test data8000
test data8000
test data8000
test data8000
test data8000
test data8000
test data8000
test data8000
test data8000
test data8000
test data8000
test data8000
test data8000
test data8000
test data8000
test data8000
test data8000
test data8000
test data8000
test data8000
test data8000
test data8000
test data8000
test data8000
test data8000
test data8000
test data8000
test data8000
test data8000
test data8000
test data8000
test data8000
test data8000
test data8000
test data8000
test data8000
test data8000
test data8000
test data8000
test data8000
test data8000
test data8000
test data8000
test data8000
test data8000
test data8000
test data8000
test data8000
test data8000
test data8000
test data8000
test data8000
test data8000
test data8000
test data8000
test data8000
test data8000
test data8000
test data8000
test data8000
test data8000
test data8000
test data8000
test data8000
test data8000
test data8000
test data8000
test data8000
test data8000
test data8000
test data8000
test data8000
test data8000
test data8000
test data8000
test data8000
test data8000
test data8000
test data8000
test data8000
test data8000
test data8000
test data8000
test data8000
test data8000
test data8000
test data8000
test data8000
test data8000
test data8000
test data8000
test data8000
test data8000
test data8000
test data8000
test data8000
test data8000
test data8000
test data8000
test data8000
test data8000
test data8000
test data8000
test data8000
test data8000
test data8000
test data8000
test data8000
test data8000
test data8000
test data8000
test data8000
test data8000
test data8000
test data8000
test data8000
test data8000
test data8000
test data8000
test data8000
test data8000
test data8000
test data8000
test data8000
test data8000
test data8000
test data8000
test data8000
test data8000
test data8000
test data8000
test data8000
test data8000
test data8000
test data8000
test data8000
test data8000
test data8000
test data8000
test data8000
test data8000
test data8000
test data8000
test data8000
test data8000
test data8000
test data8000
test data8000
test data8000
test data8000
test data8000
test data8000
test data8000
test data8000
test data8000
test data8000
test data8000
test data8000
test data8000
test data8000
test data8000
test data8000
test data8000
test data8000
test data8000
test data8000
test data8000
test data8000
test data8000
test data8000
test data8000
test data8000
test data8000
test data8000
test data8000
test data8000
test data8000
test data8000
test data8000
test data8000
test data8000
test data8000
test data8000
test data8000
test data8000
test data8000
test data8000
test data8000
test data8000
test data8000
test data8000
test data8000
test data8000
test data8000
test data8000
test data8000
test data8000
test data8000
test data8000
test data8000
test data8000
test data8000
test data8000
test data8000
test data8000
test data8000
test data8000
test data8000
test data8000
test data8000
test data8000
test data8000
test data8000
test data8000
test data8000
test data8000
test data8000
test data8000
test data8000
test data8000
test data8000
test data8000
test data8000
test data8000
test data8000
test data8000
test data8000
test data8000
test data8000
test data8000
test data8000
test data8000
test data8000
test data8000
test data8000
test data8000
test data8000
test data8000
test data8000
test data8000
test data8000
test data8000
test data8000
test data8000
test data8000
test data8000
test data8000
test data8000
test data8000
test data8000
test data8000
test data8000
test data8000
test data8000
test data8000
test data8000
test data8000
test data8000
